Archive member included to satisfy reference by file (symbol)

c:/intelfpga/18.1/nios2eds/bin/gnu/h-x86_64-mingw32/bin/../lib/gcc/nios2-elf/5.3.0/../../../../../H-x86_64-mingw32/nios2-elf/lib\libc.a(lib_a-memcmp.o)
                              obj/default/FreeRTOS/tasks.o (memcmp)
c:/intelfpga/18.1/nios2eds/bin/gnu/h-x86_64-mingw32/bin/../lib/gcc/nios2-elf/5.3.0/../../../../../H-x86_64-mingw32/nios2-elf/lib\libc.a(lib_a-memcpy.o)
                              obj/default/FreeRTOS/queue.o (memcpy)
c:/intelfpga/18.1/nios2eds/bin/gnu/h-x86_64-mingw32/bin/../lib/gcc/nios2-elf/5.3.0/../../../../../H-x86_64-mingw32/nios2-elf/lib\libc.a(lib_a-memset.o)
                              obj/default/FreeRTOS/tasks.o (memset)
c:/intelfpga/18.1/nios2eds/bin/gnu/h-x86_64-mingw32/bin/../lib/gcc/nios2-elf/5.3.0/../../../../../H-x86_64-mingw32/nios2-elf/lib\libc.a(lib_a-printf.o)
                              obj/default/FreeRTOS/port.o (printf)
c:/intelfpga/18.1/nios2eds/bin/gnu/h-x86_64-mingw32/bin/../lib/gcc/nios2-elf/5.3.0/../../../../../H-x86_64-mingw32/nios2-elf/lib\libc.a(lib_a-puts.o)
                              obj/default/hello_world.o (puts)
c:/intelfpga/18.1/nios2eds/bin/gnu/h-x86_64-mingw32/bin/../lib/gcc/nios2-elf/5.3.0/../../../../../H-x86_64-mingw32/nios2-elf/lib\libc.a(lib_a-strlen.o)
                              c:/intelfpga/18.1/nios2eds/bin/gnu/h-x86_64-mingw32/bin/../lib/gcc/nios2-elf/5.3.0/../../../../../H-x86_64-mingw32/nios2-elf/lib\libc.a(lib_a-puts.o) (strlen)
c:/intelfpga/18.1/nios2eds/bin/gnu/h-x86_64-mingw32/bin/../lib/gcc/nios2-elf/5.3.0/../../../../../H-x86_64-mingw32/nios2-elf/lib\libc.a(lib_a-vfprintf.o)
                              c:/intelfpga/18.1/nios2eds/bin/gnu/h-x86_64-mingw32/bin/../lib/gcc/nios2-elf/5.3.0/../../../../../H-x86_64-mingw32/nios2-elf/lib\libc.a(lib_a-printf.o) (___vfprintf_internal_r)
c:/intelfpga/18.1/nios2eds/bin/gnu/h-x86_64-mingw32/bin/../lib/gcc/nios2-elf/5.3.0/../../../../../H-x86_64-mingw32/nios2-elf/lib\libc.a(lib_a-wsetup.o)
                              c:/intelfpga/18.1/nios2eds/bin/gnu/h-x86_64-mingw32/bin/../lib/gcc/nios2-elf/5.3.0/../../../../../H-x86_64-mingw32/nios2-elf/lib\libc.a(lib_a-vfprintf.o) (__swsetup_r)
c:/intelfpga/18.1/nios2eds/bin/gnu/h-x86_64-mingw32/bin/../lib/gcc/nios2-elf/5.3.0/../../../../../H-x86_64-mingw32/nios2-elf/lib\libc.a(lib_a-dtoa.o)
                              c:/intelfpga/18.1/nios2eds/bin/gnu/h-x86_64-mingw32/bin/../lib/gcc/nios2-elf/5.3.0/../../../../../H-x86_64-mingw32/nios2-elf/lib\libc.a(lib_a-vfprintf.o) (_dtoa_r)
c:/intelfpga/18.1/nios2eds/bin/gnu/h-x86_64-mingw32/bin/../lib/gcc/nios2-elf/5.3.0/../../../../../H-x86_64-mingw32/nios2-elf/lib\libc.a(lib_a-fflush.o)
                              c:/intelfpga/18.1/nios2eds/bin/gnu/h-x86_64-mingw32/bin/../lib/gcc/nios2-elf/5.3.0/../../../../../H-x86_64-mingw32/nios2-elf/lib\libc.a(lib_a-vfprintf.o) (_fflush_r)
c:/intelfpga/18.1/nios2eds/bin/gnu/h-x86_64-mingw32/bin/../lib/gcc/nios2-elf/5.3.0/../../../../../H-x86_64-mingw32/nios2-elf/lib\libc.a(lib_a-findfp.o)
                              c:/intelfpga/18.1/nios2eds/bin/gnu/h-x86_64-mingw32/bin/../lib/gcc/nios2-elf/5.3.0/../../../../../H-x86_64-mingw32/nios2-elf/lib\libc.a(lib_a-puts.o) (__sinit)
c:/intelfpga/18.1/nios2eds/bin/gnu/h-x86_64-mingw32/bin/../lib/gcc/nios2-elf/5.3.0/../../../../../H-x86_64-mingw32/nios2-elf/lib\libc.a(lib_a-freer.o)
                              c:/intelfpga/18.1/nios2eds/bin/gnu/h-x86_64-mingw32/bin/../lib/gcc/nios2-elf/5.3.0/../../../../../H-x86_64-mingw32/nios2-elf/lib\libc.a(lib_a-wsetup.o) (_free_r)
c:/intelfpga/18.1/nios2eds/bin/gnu/h-x86_64-mingw32/bin/../lib/gcc/nios2-elf/5.3.0/../../../../../H-x86_64-mingw32/nios2-elf/lib\libc.a(lib_a-fvwrite.o)
                              c:/intelfpga/18.1/nios2eds/bin/gnu/h-x86_64-mingw32/bin/../lib/gcc/nios2-elf/5.3.0/../../../../../H-x86_64-mingw32/nios2-elf/lib\libc.a(lib_a-puts.o) (__sfvwrite_r)
c:/intelfpga/18.1/nios2eds/bin/gnu/h-x86_64-mingw32/bin/../lib/gcc/nios2-elf/5.3.0/../../../../../H-x86_64-mingw32/nios2-elf/lib\libc.a(lib_a-fwalk.o)
                              c:/intelfpga/18.1/nios2eds/bin/gnu/h-x86_64-mingw32/bin/../lib/gcc/nios2-elf/5.3.0/../../../../../H-x86_64-mingw32/nios2-elf/lib\libc.a(lib_a-findfp.o) (_fwalk)
c:/intelfpga/18.1/nios2eds/bin/gnu/h-x86_64-mingw32/bin/../lib/gcc/nios2-elf/5.3.0/../../../../../H-x86_64-mingw32/nios2-elf/lib\libc.a(lib_a-impure.o)
                              c:/intelfpga/18.1/nios2eds/bin/gnu/h-x86_64-mingw32/bin/../lib/gcc/nios2-elf/5.3.0/../../../../../H-x86_64-mingw32/nios2-elf/lib\libc.a(lib_a-fflush.o) (_global_impure_ptr)
c:/intelfpga/18.1/nios2eds/bin/gnu/h-x86_64-mingw32/bin/../lib/gcc/nios2-elf/5.3.0/../../../../../H-x86_64-mingw32/nios2-elf/lib\libc.a(lib_a-locale.o)
                              c:/intelfpga/18.1/nios2eds/bin/gnu/h-x86_64-mingw32/bin/../lib/gcc/nios2-elf/5.3.0/../../../../../H-x86_64-mingw32/nios2-elf/lib\libc.a(lib_a-vfprintf.o) (_localeconv_r)
[...]
Memory Configuration

Name             Origin             Length             Attributes
onchip_memory_BEFORE_EXCEPTION 0x0000000000000000 0x0000000000000020
onchip_memory    0x0000000000000020 0x0000000000031fe0
reset            0x0000000001000000 0x0000000000000020
flash_controller 0x0000000001000020 0x00000000007fffe0
sdram            0x0000000008000000 0x0000000008000000
*default*        0x0000000000000000 0xffffffffffffffff

Linker script and memory map

LOAD ../Ass1_bsp//obj/HAL/src/crt0.o
LOAD obj/default/FreeRTOS/croutine.o
LOAD obj/default/FreeRTOS/event_groups.o
LOAD obj/default/FreeRTOS/heap.o
LOAD obj/default/FreeRTOS/list.o
LOAD obj/default/FreeRTOS/port.o
LOAD obj/default/FreeRTOS/queue.o
LOAD obj/default/FreeRTOS/tasks.o
LOAD obj/default/FreeRTOS/timers.o
LOAD obj/default/hello_world.o
LOAD obj/default/FreeRTOS/port_asm.o
LOAD c:/intelfpga/18.1/nios2eds/bin/gnu/h-x86_64-mingw32/bin/../lib/gcc/nios2-elf/5.3.0/../../../../../H-x86_64-mingw32/nios2-elf/lib\libstdc++.a
LOAD c:/intelfpga/18.1/nios2eds/bin/gnu/h-x86_64-mingw32/bin/../lib/gcc/nios2-elf/5.3.0/../../../../../H-x86_64-mingw32/nios2-elf/lib\libm.a
LOAD c:/intelfpga/18.1/nios2eds/bin/gnu/h-x86_64-mingw32/bin/../lib/gcc/nios2-elf/5.3.0\libgcc.a
START GROUP
LOAD c:/intelfpga/18.1/nios2eds/bin/gnu/h-x86_64-mingw32/bin/../lib/gcc/nios2-elf/5.3.0/../../../../../H-x86_64-mingw32/nios2-elf/lib\libc.a
LOAD c:/intelfpga/18.1/nios2eds/bin/gnu/h-x86_64-mingw32/bin/../lib/gcc/nios2-elf/5.3.0\libgcc.a
LOAD ../Ass1_bsp/\libhal_bsp.a
LOAD c:/intelfpga/18.1/nios2eds/bin/gnu/h-x86_64-mingw32/bin/../lib/gcc/nios2-elf/5.3.0/../../../../../H-x86_64-mingw32/nios2-elf/lib\libm.a
END GROUP
LOAD c:/intelfpga/18.1/nios2eds/bin/gnu/h-x86_64-mingw32/bin/../lib/gcc/nios2-elf/5.3.0\libgcc.a
                0x0000000000000000                __alt_mem_onchip_memory = 0x0
                0x0000000001000000                __alt_mem_flash_controller = 0x1000000
                0x0000000008000000                __alt_mem_sdram = 0x8000000

.entry          0x0000000001000000        0x0
 *(.entry)
 .entry         0x0000000001000000        0x0 ../Ass1_bsp//obj/HAL/src/crt0.o
                0x0000000001000000                __reset

.exceptions     0x0000000000000020      0x234
                [!provide]                        PROVIDE (__ram_exceptions_start, ABSOLUTE (.))
                0x0000000000000020                . = ALIGN (0x20)
 *(.irq)
 *(.exceptions.entry.label)
 *(.exceptions.entry.user)
 *(.exceptions.entry.ecc_fatal)
 *(.exceptions.entry)
 .exceptions.entry
                0x0000000000000020       0x8c obj/default/FreeRTOS/port_asm.o
 *(.exceptions.irqtest.user)
 *(.exceptions.irqtest)
 .exceptions.irqtest
                0x00000000000000ac       0x14 obj/default/FreeRTOS/port_asm.o
 *(.exceptions.irqhandler.user)
 *(.exceptions.irqhandler)
 .exceptions.irqhandler
                0x00000000000000c0        0x4 obj/default/FreeRTOS/port_asm.o
 *(.exceptions.irqreturn.user)
 *(.exceptions.irqreturn)
 .exceptions.irqreturn
                0x00000000000000c4       0x8c obj/default/FreeRTOS/port_asm.o
                0x00000000000000c4                restore_sp_from_pxCurrentTCB
 *(.exceptions.notirq.label)
 *(.exceptions.notirq.user)
 *(.exceptions.notirq)
 *(.exceptions.soft.user)
 *(.exceptions.soft)
 .exceptions.soft
                0x0000000000000150       0x2c obj/default/FreeRTOS/port_asm.o
 *(.exceptions.unknown.user)
 *(.exceptions.unknown)
 *(.exceptions.exit.label)
 *(.exceptions.exit.user)
 *(.exceptions.exit)
 *(.exceptions)
 .exceptions    0x000000000000017c       0xd8 ../Ass1_bsp/\libhal_bsp.a(alt_irq_handler.o)
                0x000000000000017c                alt_irq_handler
                [!provide]                        PROVIDE (__ram_exceptions_end, ABSOLUTE (.))
                [!provide]                        PROVIDE (__flash_exceptions_start, LOADADDR (.exceptions))

.text           0x0000000000000254    0x18878
                [!provide]                        PROVIDE (stext, ABSOLUTE (.))
 *(.interp)
 *(.hash)
 *(.dynsym)
 *(.dynstr)
 *(.gnu.version)
 *(.gnu.version_d)
 *(.gnu.version_r)
 *(.rel.init)
 *(.rela.init)
 *(.rel.text .rel.text.* .rel.gnu.linkonce.t.*)
 *(.rela.text .rela.text.* .rela.gnu.linkonce.t.*)
 *(.rel.fini)
 *(.rela.fini)
 *(.rel.rodata .rel.rodata.* .rel.gnu.linkonce.r.*)
 *(.rela.rodata .rela.rodata.* .rela.gnu.linkonce.r.*)
 *(.rel.data .rel.data.* .rel.gnu.linkonce.d.*)
 *(.rela.data .rela.data.* .rela.gnu.linkonce.d.*)
 *(.rel.tdata .rel.tdata.* .rel.gnu.linkonce.td.*)
 *(.rela.tdata .rela.tdata.* .rela.gnu.linkonce.td.*)
 *(.rel.tbss .rel.tbss.* .rel.gnu.linkonce.tb.*)
 *(.rela.tbss .rela.tbss.* .rela.gnu.linkonce.tb.*)
 *(.rel.ctors)
 *(.rela.ctors)
 *(.rel.dtors)
 *(.rela.dtors)
 *(.rel.got)
 *(.rela.got)
 *(.rel.sdata .rel.sdata.* .rel.gnu.linkonce.s.*)
 *(.rela.sdata .rela.sdata.* .rela.gnu.linkonce.s.*)
 *(.rel.sbss .rel.sbss.* .rel.gnu.linkonce.sb.*)
 *(.rela.sbss .rela.sbss.* .rela.gnu.linkonce.sb.*)
 *(.rel.sdata2 .rel.sdata2.* .rel.gnu.linkonce.s2.*)
 *(.rela.sdata2 .rela.sdata2.* .rela.gnu.linkonce.s2.*)
 *(.rel.sbss2 .rel.sbss2.* .rel.gnu.linkonce.sb2.*)
 *(.rela.sbss2 .rela.sbss2.* .rela.gnu.linkonce.sb2.*)
 *(.rel.bss .rel.bss.* .rel.gnu.linkonce.b.*)
 *(.rela.bss .rela.bss.* .rela.gnu.linkonce.b.*)
 *(.rel.plt)
 *(.rela.plt)
 *(.rel.dyn)
 *(.init)
 *(.plt)
 *(.text .stub .text.* .gnu.linkonce.t.*)
 .text          0x0000000000000254       0x48 ../Ass1_bsp//obj/HAL/src/crt0.o
                0x0000000000000254                _start
 .text          0x000000000000029c      0x648 obj/default/FreeRTOS/croutine.o
                0x000000000000029c                xCoRoutineCreate
                0x00000000000003e0                vCoRoutineAddToDelayedList
                0x00000000000006d0                vCoRoutineSchedule
                0x000000000000085c                xCoRoutineRemoveFromEventList
 .text          0x00000000000008e4      0x6ec obj/default/FreeRTOS/event_groups.o
                0x00000000000008e4                xEventGroupCreate
                0x0000000000000938                xEventGroupSync
                0x0000000000000ab4                xEventGroupWaitBits
                0x0000000000000c50                xEventGroupClearBits
                0x0000000000000cb8                xEventGroupGetBitsFromISR
                0x0000000000000cf4                xEventGroupSetBits
                0x0000000000000e74                vEventGroupDelete
                0x0000000000000ee8                vEventGroupSetBitsCallback
                0x0000000000000f24                vEventGroupClearBitsCallback
 .text          0x0000000000000fd0      0x434 obj/default/FreeRTOS/heap.o
                0x0000000000000fd0                pvPortMalloc
                0x0000000000001150                vPortFree
                0x00000000000011d0                xPortGetFreeHeapSize
                0x00000000000011f0                vPortInitialiseBlocks
 .text          0x0000000000001404      0x290 obj/default/FreeRTOS/list.o
                0x0000000000001404                vListInitialise
                0x000000000000146c                vListInitialiseItem
                0x0000000000001498                vListInsertEnd
                0x0000000000001524                vListInsert
                0x00000000000015fc                uxListRemove
 .text          0x0000000000001694      0x3fc obj/default/FreeRTOS/port.o
                0x0000000000001694                vApplicationStackOverflowHook
                0x0000000000001700                pxPortInitialiseStack
                0x00000000000017e0                xPortStartScheduler
                0x0000000000001818                vPortEndScheduler
                0x00000000000018d4                vPortSysTickHandler
                0x0000000000001920                alt_irq_register
 .text          0x0000000000001a90     0x10e8 obj/default/FreeRTOS/queue.o
                0x0000000000001a90                xQueueGenericReset
                0x0000000000001ba8                xQueueGenericCreate
                0x0000000000001c80                xQueueCreateMutex
                0x0000000000001d4c                xQueueGiveMutexRecursive
                0x0000000000001ddc                xQueueTakeMutexRecursive
                0x0000000000001e84                xQueueCreateCountingSemaphore
                0x0000000000001edc                xQueueGenericSend
                0x000000000000207c                xQueueGenericSendFromISR
                0x000000000000215c                xQueueGiveFromISR
                0x000000000000222c                xQueueGenericReceive
                0x000000000000243c                xQueueReceiveFromISR
                0x0000000000002514                xQueuePeekFromISR
                0x0000000000002590                uxQueueMessagesWaiting
                0x00000000000025d0                uxQueueSpacesAvailable
                0x0000000000002624                uxQueueMessagesWaitingFromISR
                0x0000000000002654                vQueueDelete
                0x0000000000002a00                xQueueIsQueueEmptyFromISR
                0x0000000000002a98                xQueueIsQueueFullFromISR
                0x0000000000002ae0                vQueueWaitForMessageRestricted
 .text          0x0000000000002b78     0x1c90 obj/default/FreeRTOS/tasks.o
                0x0000000000002b78                xTaskGenericCreate
                0x0000000000002d3c                vTaskDelete
                0x0000000000002e0c                vTaskDelay
                0x0000000000002e84                vTaskStartScheduler
                0x0000000000002f24                vTaskEndScheduler
                0x0000000000002f6c                vTaskSuspendAll
                0x0000000000002f98                xTaskResumeAll
                0x00000000000030dc                xTaskGetTickCount
                0x0000000000003104                xTaskGetTickCountFromISR
                0x0000000000003130                uxTaskGetNumberOfTasks
                0x0000000000003150                xTaskIncrementTick
                0x0000000000003314                vTaskSwitchContext
                0x0000000000003448                vTaskPlaceOnEventList
                0x00000000000034b4                vTaskPlaceOnUnorderedEventList
                0x0000000000003534                vTaskPlaceOnEventListRestricted
                0x00000000000035a0                xTaskRemoveFromEventList
                0x0000000000003694                xTaskRemoveFromUnorderedEventList
                0x000000000000376c                vTaskSetTimeOutState
                0x00000000000037a8                xTaskCheckForTimeOut
                0x000000000000386c                vTaskMissedYield
                0x0000000000003d04                uxTaskGetStackHighWaterMark
                0x0000000000003e10                xTaskGetCurrentTaskHandle
                0x0000000000003e38                xTaskGetSchedulerState
                0x0000000000003e84                vTaskPriorityInherit
                0x0000000000003fac                xTaskPriorityDisinherit
                0x00000000000040a8                vTaskEnterCritical
                0x00000000000040fc                vTaskExitCritical
                0x000000000000415c                uxTaskResetEventItemValue
                0x00000000000041a0                pvTaskIncrementMutexHeldCount
                0x00000000000041d8                ulTaskNotifyTake
                0x00000000000042a4                xTaskNotifyWait
                0x00000000000043ac                xTaskNotify
                0x0000000000004534                xTaskNotifyFromISR
                0x00000000000046f0                vTaskNotifyGiveFromISR
 .text          0x0000000000004808      0x8fc obj/default/FreeRTOS/timers.o
                0x0000000000004808                xTimerCreateTimerTask
                0x0000000000004874                xTimerCreate
                0x0000000000004920                xTimerGenericCommand
                0x00000000000049fc                pcTimerGetTimerName
                0x0000000000005084                xTimerIsTimerActive
                0x00000000000050d4                pvTimerGetTimerID
 .text          0x0000000000005104      0x1e4 obj/default/hello_world.o
                0x0000000000005104                ps2_isr
                0x0000000000005168                initOSDataStructs
                0x0000000000005188                main
 .text          0x00000000000052e8        0x0 obj/default/FreeRTOS/port_asm.o
 .text          0x00000000000052e8        0x0 c:/intelfpga/18.1/nios2eds/bin/gnu/h-x86_64-mingw32/bin/../lib/gcc/nios2-elf/5.3.0/../../../../../H-x86_64-mingw32/nios2-elf/lib\libc.a(lib_a-memcmp.o)
 .text.memcmp   0x00000000000052e8       0x7c c:/intelfpga/18.1/nios2eds/bin/gnu/h-x86_64-mingw32/bin/../lib/gcc/nios2-elf/5.3.0/../../../../../H-x86_64-mingw32/nios2-elf/lib\libc.a(lib_a-memcmp.o)
                0x00000000000052e8                memcmp
 .text          0x0000000000005364        0x0 c:/intelfpga/18.1/nios2eds/bin/gnu/h-x86_64-mingw32/bin/../lib/gcc/nios2-elf/5.3.0/../../../../../H-x86_64-mingw32/nios2-elf/lib\libc.a(lib_a-memcpy.o)
 .text.memcpy   0x0000000000005364      0x148 c:/intelfpga/18.1/nios2eds/bin/gnu/h-x86_64-mingw32/bin/../lib/gcc/nios2-elf/5.3.0/../../../../../H-x86_64-mingw32/nios2-elf/lib\libc.a(lib_a-memcpy.o)
                0x0000000000005364                memcpy
 .text          0x00000000000054ac        0x0 c:/intelfpga/18.1/nios2eds/bin/gnu/h-x86_64-mingw32/bin/../lib/gcc/nios2-elf/5.3.0/../../../../../H-x86_64-mingw32/nios2-elf/lib\libc.a(lib_a-memset.o)
 .text.memset   0x00000000000054ac      0x128 c:/intelfpga/18.1/nios2eds/bin/gnu/h-x86_64-mingw32/bin/../lib/gcc/nios2-elf/5.3.0/../../../../../H-x86_64-mingw32/nios2-elf/lib\libc.a(lib_a-memset.o)
                0x00000000000054ac                memset
 .text          0x00000000000055d4        0x0 c:/intelfpga/18.1/nios2eds/bin/gnu/h-x86_64-mingw32/bin/../lib/gcc/nios2-elf/5.3.0/../../../../../H-x86_64-mingw32/nios2-elf/lib\libc.a(lib_a-printf.o)
 .text._printf_r
                0x00000000000055d4       0x30 c:/intelfpga/18.1/nios2eds/bin/gnu/h-x86_64-mingw32/bin/../lib/gcc/nios2-elf/5.3.0/../../../../../H-x86_64-mingw32/nios2-elf/lib\libc.a(lib_a-printf.o)
                0x00000000000055d4                _printf_r
 .text.printf   0x0000000000005604       0x3c c:/intelfpga/18.1/nios2eds/bin/gnu/h-x86_64-mingw32/bin/../lib/gcc/nios2-elf/5.3.0/../../../../../H-x86_64-mingw32/nios2-elf/lib\libc.a(lib_a-printf.o)
                0x0000000000005604                printf
 .text          0x0000000000005640        0x0 c:/intelfpga/18.1/nios2eds/bin/gnu/h-x86_64-mingw32/bin/../lib/gcc/nios2-elf/5.3.0/../../../../../H-x86_64-mingw32/nios2-elf/lib\libc.a(lib_a-puts.o)
 .text._puts_r  0x0000000000005640       0xc0 c:/intelfpga/18.1/nios2eds/bin/gnu/h-x86_64-mingw32/bin/../lib/gcc/nios2-elf/5.3.0/../../../../../H-x86_64-mingw32/nios2-elf/lib\libc.a(lib_a-puts.o)
                0x0000000000005640                _puts_r
 .text.puts     0x0000000000005700       0x14 c:/intelfpga/18.1/nios2eds/bin/gnu/h-x86_64-mingw32/bin/../lib/gcc/nios2-elf/5.3.0/../../../../../H-x86_64-mingw32/nios2-elf/lib\libc.a(lib_a-puts.o)
                0x0000000000005700                puts
 .text          0x0000000000005714        0x0 c:/intelfpga/18.1/nios2eds/bin/gnu/h-x86_64-mingw32/bin/../lib/gcc/nios2-elf/5.3.0/../../../../../H-x86_64-mingw32/nios2-elf/lib\libc.a(lib_a-strlen.o)
 .text.strlen   0x0000000000005714       0x98 c:/intelfpga/18.1/nios2eds/bin/gnu/h-x86_64-mingw32/bin/../lib/gcc/nios2-elf/5.3.0/../../../../../H-x86_64-mingw32/nios2-elf/lib\libc.a(lib_a-strlen.o)
                0x0000000000005714                strlen
 .text          0x00000000000057ac        0x0 c:/intelfpga/18.1/nios2eds/bin/gnu/h-x86_64-mingw32/bin/../lib/gcc/nios2-elf/5.3.0/../../../../../H-x86_64-mingw32/nios2-elf/lib\libc.a(lib_a-vfprintf.o)
 .text.___vfprintf_internal_r
                0x00000000000057ac     0x21f8 c:/intelfpga/18.1/nios2eds/bin/gnu/h-x86_64-mingw32/bin/../lib/gcc/nios2-elf/5.3.0/../../../../../H-x86_64-mingw32/nios2-elf/lib\libc.a(lib_a-vfprintf.o)
                0x00000000000057ac                ___vfprintf_internal_r
 .text.__vfprintf_internal
                0x00000000000079a4       0x1c c:/intelfpga/18.1/nios2eds/bin/gnu/h-x86_64-mingw32/bin/../lib/gcc/nios2-elf/5.3.0/../../../../../H-x86_64-mingw32/nios2-elf/lib\libc.a(lib_a-vfprintf.o)
                0x00000000000079a4                __vfprintf_internal
 .text.__sbprintf
                0x00000000000079c0       0xbc c:/intelfpga/18.1/nios2eds/bin/gnu/h-x86_64-mingw32/bin/../lib/gcc/nios2-elf/5.3.0/../../../../../H-x86_64-mingw32/nios2-elf/lib\libc.a(lib_a-vfprintf.o)
 .text          0x0000000000007a7c        0x0 c:/intelfpga/18.1/nios2eds/bin/gnu/h-x86_64-mingw32/bin/../lib/gcc/nios2-elf/5.3.0/../../../../../H-x86_64-mingw32/nios2-elf/lib\libc.a(lib_a-wsetup.o)
 .text.__swsetup_r
                0x0000000000007a7c      0x154 c:/intelfpga/18.1/nios2eds/bin/gnu/h-x86_64-mingw32/bin/../lib/gcc/nios2-elf/5.3.0/../../../../../H-x86_64-mingw32/nios2-elf/lib\libc.a(lib_a-wsetup.o)
                0x0000000000007a7c                __swsetup_r
 .text          0x0000000000007bd0        0x0 c:/intelfpga/18.1/nios2eds/bin/gnu/h-x86_64-mingw32/bin/../lib/gcc/nios2-elf/5.3.0/../../../../../H-x86_64-mingw32/nios2-elf/lib\libc.a(lib_a-dtoa.o)
 .text.quorem   0x0000000000007bd0      0x200 c:/intelfpga/18.1/nios2eds/bin/gnu/h-x86_64-mingw32/bin/../lib/gcc/nios2-elf/5.3.0/../../../../../H-x86_64-mingw32/nios2-elf/lib\libc.a(lib_a-dtoa.o)
 .text._dtoa_r  0x0000000000007dd0     0x1688 c:/intelfpga/18.1/nios2eds/bin/gnu/h-x86_64-mingw32/bin/../lib/gcc/nios2-elf/5.3.0/../../../../../H-x86_64-mingw32/nios2-elf/lib\libc.a(lib_a-dtoa.o)
                0x0000000000007dd0                _dtoa_r
 .text          0x0000000000009458        0x0 c:/intelfpga/18.1/nios2eds/bin/gnu/h-x86_64-mingw32/bin/../lib/gcc/nios2-elf/5.3.0/../../../../../H-x86_64-mingw32/nios2-elf/lib\libc.a(lib_a-fflush.o)
 .text.__sflush_r
                0x0000000000009458      0x21c c:/intelfpga/18.1/nios2eds/bin/gnu/h-x86_64-mingw32/bin/../lib/gcc/nios2-elf/5.3.0/../../../../../H-x86_64-mingw32/nios2-elf/lib\libc.a(lib_a-fflush.o)
                0x0000000000009458                __sflush_r
 .text._fflush_r
                0x0000000000009674       0x5c c:/intelfpga/18.1/nios2eds/bin/gnu/h-x86_64-mingw32/bin/../lib/gcc/nios2-elf/5.3.0/../../../../../H-x86_64-mingw32/nios2-elf/lib\libc.a(lib_a-fflush.o)
                0x0000000000009674                _fflush_r
 .text.fflush   0x00000000000096d0       0x30 c:/intelfpga/18.1/nios2eds/bin/gnu/h-x86_64-mingw32/bin/../lib/gcc/nios2-elf/5.3.0/../../../../../H-x86_64-mingw32/nios2-elf/lib\libc.a(lib_a-fflush.o)
                0x00000000000096d0                fflush
 .text          0x0000000000009700        0x0 c:/intelfpga/18.1/nios2eds/bin/gnu/h-x86_64-mingw32/bin/../lib/gcc/nios2-elf/5.3.0/../../../../../H-x86_64-mingw32/nios2-elf/lib\libc.a(lib_a-findfp.o)
 .text.__fp_unlock
                0x0000000000009700        0x8 c:/intelfpga/18.1/nios2eds/bin/gnu/h-x86_64-mingw32/bin/../lib/gcc/nios2-elf/5.3.0/../../../../../H-x86_64-mingw32/nios2-elf/lib\libc.a(lib_a-findfp.o)
 .text._cleanup_r
                0x0000000000009708        0xc c:/intelfpga/18.1/nios2eds/bin/gnu/h-x86_64-mingw32/bin/../lib/gcc/nios2-elf/5.3.0/../../../../../H-x86_64-mingw32/nios2-elf/lib\libc.a(lib_a-findfp.o)
                0x0000000000009708                _cleanup_r
 .text.__sinit.part.1
                0x0000000000009714      0x19c c:/intelfpga/18.1/nios2eds/bin/gnu/h-x86_64-mingw32/bin/../lib/gcc/nios2-elf/5.3.0/../../../../../H-x86_64-mingw32/nios2-elf/lib\libc.a(lib_a-findfp.o)
 .text.__fp_lock
                0x00000000000098b0        0x8 c:/intelfpga/18.1/nios2eds/bin/gnu/h-x86_64-mingw32/bin/../lib/gcc/nios2-elf/5.3.0/../../../../../H-x86_64-mingw32/nios2-elf/lib\libc.a(lib_a-findfp.o)
 .text.__sfmoreglue
                0x00000000000098b8       0x68 c:/intelfpga/18.1/nios2eds/bin/gnu/h-x86_64-mingw32/bin/../lib/gcc/nios2-elf/5.3.0/../../../../../H-x86_64-mingw32/nios2-elf/lib\libc.a(lib_a-findfp.o)
                0x00000000000098b8                __sfmoreglue
 .text.__sfp    0x0000000000009920      0x118 c:/intelfpga/18.1/nios2eds/bin/gnu/h-x86_64-mingw32/bin/../lib/gcc/nios2-elf/5.3.0/../../../../../H-x86_64-mingw32/nios2-elf/lib\libc.a(lib_a-findfp.o)
                0x0000000000009920                __sfp
 .text._cleanup
                0x0000000000009a38       0x18 c:/intelfpga/18.1/nios2eds/bin/gnu/h-x86_64-mingw32/bin/../lib/gcc/nios2-elf/5.3.0/../../../../../H-x86_64-mingw32/nios2-elf/lib\libc.a(lib_a-findfp.o)
                0x0000000000009a38                _cleanup
 .text.__sinit  0x0000000000009a50       0x10 c:/intelfpga/18.1/nios2eds/bin/gnu/h-x86_64-mingw32/bin/../lib/gcc/nios2-elf/5.3.0/../../../../../H-x86_64-mingw32/nios2-elf/lib\libc.a(lib_a-findfp.o)
                0x0000000000009a50                __sinit
 .text.__sfp_lock_acquire
                0x0000000000009a60        0x4 c:/intelfpga/18.1/nios2eds/bin/gnu/h-x86_64-mingw32/bin/../lib/gcc/nios2-elf/5.3.0/../../../../../H-x86_64-mingw32/nios2-elf/lib\libc.a(lib_a-findfp.o)
                0x0000000000009a60                __sfp_lock_acquire
 .text.__sfp_lock_release
                0x0000000000009a64        0x4 c:/intelfpga/18.1/nios2eds/bin/gnu/h-x86_64-mingw32/bin/../lib/gcc/nios2-elf/5.3.0/../../../../../H-x86_64-mingw32/nios2-elf/lib\libc.a(lib_a-findfp.o)
                0x0000000000009a64                __sfp_lock_release
 .text.__sinit_lock_acquire
                0x0000000000009a68        0x4 c:/intelfpga/18.1/nios2eds/bin/gnu/h-x86_64-mingw32/bin/../lib/gcc/nios2-elf/5.3.0/../../../../../H-x86_64-mingw32/nios2-elf/lib\libc.a(lib_a-findfp.o)
                0x0000000000009a68                __sinit_lock_acquire
 .text.__sinit_lock_release
                0x0000000000009a6c        0x4 c:/intelfpga/18.1/nios2eds/bin/gnu/h-x86_64-mingw32/bin/../lib/gcc/nios2-elf/5.3.0/../../../../../H-x86_64-mingw32/nios2-elf/lib\libc.a(lib_a-findfp.o)
                0x0000000000009a6c                __sinit_lock_release
 .text.__fp_lock_all
                0x0000000000009a70       0x18 c:/intelfpga/18.1/nios2eds/bin/gnu/h-x86_64-mingw32/bin/../lib/gcc/nios2-elf/5.3.0/../../../../../H-x86_64-mingw32/nios2-elf/lib\libc.a(lib_a-findfp.o)
                0x0000000000009a70                __fp_lock_all
 .text.__fp_unlock_all
                0x0000000000009a88       0x18 c:/intelfpga/18.1/nios2eds/bin/gnu/h-x86_64-mingw32/bin/../lib/gcc/nios2-elf/5.3.0/../../../../../H-x86_64-mingw32/nios2-elf/lib\libc.a(lib_a-findfp.o)
                0x0000000000009a88                __fp_unlock_all
 .text          0x0000000000009aa0        0x0 c:/intelfpga/18.1/nios2eds/bin/gnu/h-x86_64-mingw32/bin/../lib/gcc/nios2-elf/5.3.0/../../../../../H-x86_64-mingw32/nios2-elf/lib\libc.a(lib_a-freer.o)
 .text._malloc_trim_r
                0x0000000000009aa0      0x124 c:/intelfpga/18.1/nios2eds/bin/gnu/h-x86_64-mingw32/bin/../lib/gcc/nios2-elf/5.3.0/../../../../../H-x86_64-mingw32/nios2-elf/lib\libc.a(lib_a-freer.o)
                0x0000000000009aa0                _malloc_trim_r
 .text._free_r  0x0000000000009bc4      0x310 c:/intelfpga/18.1/nios2eds/bin/gnu/h-x86_64-mingw32/bin/../lib/gcc/nios2-elf/5.3.0/../../../../../H-x86_64-mingw32/nios2-elf/lib\libc.a(lib_a-freer.o)
                0x0000000000009bc4                _free_r
 .text          0x0000000000009ed4        0x0 c:/intelfpga/18.1/nios2eds/bin/gnu/h-x86_64-mingw32/bin/../lib/gcc/nios2-elf/5.3.0/../../../../../H-x86_64-mingw32/nios2-elf/lib\libc.a(lib_a-fvwrite.o)
 .text.__sfvwrite_r
                0x0000000000009ed4      0x4bc c:/intelfpga/18.1/nios2eds/bin/gnu/h-x86_64-mingw32/bin/../lib/gcc/nios2-elf/5.3.0/../../../../../H-x86_64-mingw32/nios2-elf/lib\libc.a(lib_a-fvwrite.o)
                0x0000000000009ed4                __sfvwrite_r
 .text          0x000000000000a390        0x0 c:/intelfpga/18.1/nios2eds/bin/gnu/h-x86_64-mingw32/bin/../lib/gcc/nios2-elf/5.3.0/../../../../../H-x86_64-mingw32/nios2-elf/lib\libc.a(lib_a-fwalk.o)
 .text._fwalk   0x000000000000a390       0xc4 c:/intelfpga/18.1/nios2eds/bin/gnu/h-x86_64-mingw32/bin/../lib/gcc/nios2-elf/5.3.0/../../../../../H-x86_64-mingw32/nios2-elf/lib\libc.a(lib_a-fwalk.o)
                0x000000000000a390                _fwalk
 .text._fwalk_reent
                0x000000000000a454       0xc4 c:/intelfpga/18.1/nios2eds/bin/gnu/h-x86_64-mingw32/bin/../lib/gcc/nios2-elf/5.3.0/../../../../../H-x86_64-mingw32/nios2-elf/lib\libc.a(lib_a-fwalk.o)
                0x000000000000a454                _fwalk_reent
 .text          0x000000000000a518        0x0 c:/intelfpga/18.1/nios2eds/bin/gnu/h-x86_64-mingw32/bin/../lib/gcc/nios2-elf/5.3.0/../../../../../H-x86_64-mingw32/nios2-elf/lib\libc.a(lib_a-impure.o)
 .text          0x000000000000a518        0x0 c:/intelfpga/18.1/nios2eds/bin/gnu/h-x86_64-mingw32/bin/../lib/gcc/nios2-elf/5.3.0/../../../../../H-x86_64-mingw32/nios2-elf/lib\libc.a(lib_a-locale.o)
 .text._setlocale_r
                0x000000000000a518       0x7c c:/intelfpga/18.1/nios2eds/bin/gnu/h-x86_64-mingw32/bin/../lib/gcc/nios2-elf/5.3.0/../../../../../H-x86_64-mingw32/nios2-elf/lib\libc.a(lib_a-locale.o)
                0x000000000000a518                _setlocale_r
 .text.__locale_charset
                0x000000000000a594        0xc c:/intelfpga/18.1/nios2eds/bin/gnu/h-x86_64-mingw32/bin/../lib/gcc/nios2-elf/5.3.0/../../../../../H-x86_64-mingw32/nios2-elf/lib\libc.a(lib_a-locale.o)
                0x000000000000a594                __locale_charset
 .text.__locale_mb_cur_max
                0x000000000000a5a0       0x10 c:/intelfpga/18.1/nios2eds/bin/gnu/h-x86_64-mingw32/bin/../lib/gcc/nios2-elf/5.3.0/../../../../../H-x86_64-mingw32/nios2-elf/lib\libc.a(lib_a-locale.o)
                0x000000000000a5a0                __locale_mb_cur_max
 .text.__locale_msgcharset
                0x000000000000a5b0        0xc c:/intelfpga/18.1/nios2eds/bin/gnu/h-x86_64-mingw32/bin/../lib/gcc/nios2-elf/5.3.0/../../../../../H-x86_64-mingw32/nios2-elf/lib\libc.a(lib_a-locale.o)
                0x000000000000a5b0                __locale_msgcharset
 .text.__locale_cjk_lang
                0x000000000000a5bc        0x8 c:/intelfpga/18.1/nios2eds/bin/gnu/h-x86_64-mingw32/bin/../lib/gcc/nios2-elf/5.3.0/../../../../../H-x86_64-mingw32/nios2-elf/lib\libc.a(lib_a-locale.o)
                0x000000000000a5bc                __locale_cjk_lang
 .text._localeconv_r
                0x000000000000a5c4        0xc c:/intelfpga/18.1/nios2eds/bin/gnu/h-x86_64-mingw32/bin/../lib/gcc/nios2-elf/5.3.0/../../../../../H-x86_64-mingw32/nios2-elf/lib\libc.a(lib_a-locale.o)
                0x000000000000a5c4                _localeconv_r
 .text.setlocale
                0x000000000000a5d0       0x18 c:/intelfpga/18.1/nios2eds/bin/gnu/h-x86_64-mingw32/bin/../lib/gcc/nios2-elf/5.3.0/../../../../../H-x86_64-mingw32/nios2-elf/lib\libc.a(lib_a-locale.o)
                0x000000000000a5d0                setlocale
 .text.localeconv
                0x000000000000a5e8        0xc c:/intelfpga/18.1/nios2eds/bin/gnu/h-x86_64-mingw32/bin/../lib/gcc/nios2-elf/5.3.0/../../../../../H-x86_64-mingw32/nios2-elf/lib\libc.a(lib_a-locale.o)
                0x000000000000a5e8                localeconv
 .text          0x000000000000a5f4        0x0 c:/intelfpga/18.1/nios2eds/bin/gnu/h-x86_64-mingw32/bin/../lib/gcc/nios2-elf/5.3.0/../../../../../H-x86_64-mingw32/nios2-elf/lib\libc.a(lib_a-makebuf.o)
 .text.__smakebuf_r
                0x000000000000a5f4      0x1bc c:/intelfpga/18.1/nios2eds/bin/gnu/h-x86_64-mingw32/bin/../lib/gcc/nios2-elf/5.3.0/../../../../../H-x86_64-mingw32/nios2-elf/lib\libc.a(lib_a-makebuf.o)
                0x000000000000a5f4                __smakebuf_r
 .text          0x000000000000a7b0        0x0 c:/intelfpga/18.1/nios2eds/bin/gnu/h-x86_64-mingw32/bin/../lib/gcc/nios2-elf/5.3.0/../../../../../H-x86_64-mingw32/nios2-elf/lib\libc.a(lib_a-mallocr.o)
 .text._malloc_r
                0x000000000000a7b0      0x80c c:/intelfpga/18.1/nios2eds/bin/gnu/h-x86_64-mingw32/bin/../lib/gcc/nios2-elf/5.3.0/../../../../../H-x86_64-mingw32/nios2-elf/lib\libc.a(lib_a-mallocr.o)
                0x000000000000a7b0                _malloc_r
 .text          0x000000000000afbc        0x0 c:/intelfpga/18.1/nios2eds/bin/gnu/h-x86_64-mingw32/bin/../lib/gcc/nios2-elf/5.3.0/../../../../../H-x86_64-mingw32/nios2-elf/lib\libc.a(lib_a-memchr.o)
 .text.memchr   0x000000000000afbc       0xe4 c:/intelfpga/18.1/nios2eds/bin/gnu/h-x86_64-mingw32/bin/../lib/gcc/nios2-elf/5.3.0/../../../../../H-x86_64-mingw32/nios2-elf/lib\libc.a(lib_a-memchr.o)
                0x000000000000afbc                memchr
 .text          0x000000000000b0a0        0x0 c:/intelfpga/18.1/nios2eds/bin/gnu/h-x86_64-mingw32/bin/../lib/gcc/nios2-elf/5.3.0/../../../../../H-x86_64-mingw32/nios2-elf/lib\libc.a(lib_a-memmove.o)
 .text.memmove  0x000000000000b0a0      0x15c c:/intelfpga/18.1/nios2eds/bin/gnu/h-x86_64-mingw32/bin/../lib/gcc/nios2-elf/5.3.0/../../../../../H-x86_64-mingw32/nios2-elf/lib\libc.a(lib_a-memmove.o)
                0x000000000000b0a0                memmove
 .text          0x000000000000b1fc        0x0 c:/intelfpga/18.1/nios2eds/bin/gnu/h-x86_64-mingw32/bin/../lib/gcc/nios2-elf/5.3.0/../../../../../H-x86_64-mingw32/nios2-elf/lib\libc.a(lib_a-mprec.o)
 .text._Balloc  0x000000000000b1fc       0xa8 c:/intelfpga/18.1/nios2eds/bin/gnu/h-x86_64-mingw32/bin/../lib/gcc/nios2-elf/5.3.0/../../../../../H-x86_64-mingw32/nios2-elf/lib\libc.a(lib_a-mprec.o)
                0x000000000000b1fc                _Balloc
 .text._Bfree   0x000000000000b2a4       0x28 c:/intelfpga/18.1/nios2eds/bin/gnu/h-x86_64-mingw32/bin/../lib/gcc/nios2-elf/5.3.0/../../../../../H-x86_64-mingw32/nios2-elf/lib\libc.a(lib_a-mprec.o)
                0x000000000000b2a4                _Bfree
 .text.__multadd
                0x000000000000b2cc      0x120 c:/intelfpga/18.1/nios2eds/bin/gnu/h-x86_64-mingw32/bin/../lib/gcc/nios2-elf/5.3.0/../../../../../H-x86_64-mingw32/nios2-elf/lib\libc.a(lib_a-mprec.o)
                0x000000000000b2cc                __multadd
 .text.__s2b    0x000000000000b3ec      0x104 c:/intelfpga/18.1/nios2eds/bin/gnu/h-x86_64-mingw32/bin/../lib/gcc/nios2-elf/5.3.0/../../../../../H-x86_64-mingw32/nios2-elf/lib\libc.a(lib_a-mprec.o)
                0x000000000000b3ec                __s2b
 .text.__hi0bits
                0x000000000000b4f0       0x68 c:/intelfpga/18.1/nios2eds/bin/gnu/h-x86_64-mingw32/bin/../lib/gcc/nios2-elf/5.3.0/../../../../../H-x86_64-mingw32/nios2-elf/lib\libc.a(lib_a-mprec.o)
                0x000000000000b4f0                __hi0bits
 .text.__lo0bits
                0x000000000000b558       0xb0 c:/intelfpga/18.1/nios2eds/bin/gnu/h-x86_64-mingw32/bin/../lib/gcc/nios2-elf/5.3.0/../../../../../H-x86_64-mingw32/nios2-elf/lib\libc.a(lib_a-mprec.o)
                0x000000000000b558                __lo0bits
 .text.__i2b    0x000000000000b608       0x3c c:/intelfpga/18.1/nios2eds/bin/gnu/h-x86_64-mingw32/bin/../lib/gcc/nios2-elf/5.3.0/../../../../../H-x86_64-mingw32/nios2-elf/lib\libc.a(lib_a-mprec.o)
                0x000000000000b608                __i2b
 .text.__multiply
                0x000000000000b644      0x1f8 c:/intelfpga/18.1/nios2eds/bin/gnu/h-x86_64-mingw32/bin/../lib/gcc/nios2-elf/5.3.0/../../../../../H-x86_64-mingw32/nios2-elf/lib\libc.a(lib_a-mprec.o)
                0x000000000000b644                __multiply
 .text.__pow5mult
                0x000000000000b83c      0x140 c:/intelfpga/18.1/nios2eds/bin/gnu/h-x86_64-mingw32/bin/../lib/gcc/nios2-elf/5.3.0/../../../../../H-x86_64-mingw32/nios2-elf/lib\libc.a(lib_a-mprec.o)
                0x000000000000b83c                __pow5mult
 .text.__lshift
                0x000000000000b97c      0x148 c:/intelfpga/18.1/nios2eds/bin/gnu/h-x86_64-mingw32/bin/../lib/gcc/nios2-elf/5.3.0/../../../../../H-x86_64-mingw32/nios2-elf/lib\libc.a(lib_a-mprec.o)
                0x000000000000b97c                __lshift
 .text.__mcmp   0x000000000000bac4       0x60 c:/intelfpga/18.1/nios2eds/bin/gnu/h-x86_64-mingw32/bin/../lib/gcc/nios2-elf/5.3.0/../../../../../H-x86_64-mingw32/nios2-elf/lib\libc.a(lib_a-mprec.o)
                0x000000000000bac4                __mcmp
 .text.__mdiff  0x000000000000bb24      0x1fc c:/intelfpga/18.1/nios2eds/bin/gnu/h-x86_64-mingw32/bin/../lib/gcc/nios2-elf/5.3.0/../../../../../H-x86_64-mingw32/nios2-elf/lib\libc.a(lib_a-mprec.o)
                0x000000000000bb24                __mdiff
 .text.__ulp    0x000000000000bd20       0x64 c:/intelfpga/18.1/nios2eds/bin/gnu/h-x86_64-mingw32/bin/../lib/gcc/nios2-elf/5.3.0/../../../../../H-x86_64-mingw32/nios2-elf/lib\libc.a(lib_a-mprec.o)
                0x000000000000bd20                __ulp
 .text.__b2d    0x000000000000bd84      0x10c c:/intelfpga/18.1/nios2eds/bin/gnu/h-x86_64-mingw32/bin/../lib/gcc/nios2-elf/5.3.0/../../../../../H-x86_64-mingw32/nios2-elf/lib\libc.a(lib_a-mprec.o)
                0x000000000000bd84                __b2d
 .text.__d2b    0x000000000000be90      0x14c c:/intelfpga/18.1/nios2eds/bin/gnu/h-x86_64-mingw32/bin/../lib/gcc/nios2-elf/5.3.0/../../../../../H-x86_64-mingw32/nios2-elf/lib\libc.a(lib_a-mprec.o)
                0x000000000000be90                __d2b
 .text.__ratio  0x000000000000bfdc       0xa4 c:/intelfpga/18.1/nios2eds/bin/gnu/h-x86_64-mingw32/bin/../lib/gcc/nios2-elf/5.3.0/../../../../../H-x86_64-mingw32/nios2-elf/lib\libc.a(lib_a-mprec.o)
                0x000000000000bfdc                __ratio
 .text._mprec_log10
                0x000000000000c080       0x74 c:/intelfpga/18.1/nios2eds/bin/gnu/h-x86_64-mingw32/bin/../lib/gcc/nios2-elf/5.3.0/../../../../../H-x86_64-mingw32/nios2-elf/lib\libc.a(lib_a-mprec.o)
                0x000000000000c080                _mprec_log10
 .text.__copybits
                0x000000000000c0f4       0x78 c:/intelfpga/18.1/nios2eds/bin/gnu/h-x86_64-mingw32/bin/../lib/gcc/nios2-elf/5.3.0/../../../../../H-x86_64-mingw32/nios2-elf/lib\libc.a(lib_a-mprec.o)
                0x000000000000c0f4                __copybits
 .text.__any_on
                0x000000000000c16c       0x8c c:/intelfpga/18.1/nios2eds/bin/gnu/h-x86_64-mingw32/bin/../lib/gcc/nios2-elf/5.3.0/../../../../../H-x86_64-mingw32/nios2-elf/lib\libc.a(lib_a-mprec.o)
                0x000000000000c16c                __any_on
 .text          0x000000000000c1f8        0x0 c:/intelfpga/18.1/nios2eds/bin/gnu/h-x86_64-mingw32/bin/../lib/gcc/nios2-elf/5.3.0/../../../../../H-x86_64-mingw32/nios2-elf/lib\libc.a(lib_a-reallocr.o)
 .text._realloc_r
                0x000000000000c1f8      0x564 c:/intelfpga/18.1/nios2eds/bin/gnu/h-x86_64-mingw32/bin/../lib/gcc/nios2-elf/5.3.0/../../../../../H-x86_64-mingw32/nios2-elf/lib\libc.a(lib_a-reallocr.o)
                0x000000000000c1f8                _realloc_r
 .text          0x000000000000c75c        0x0 c:/intelfpga/18.1/nios2eds/bin/gnu/h-x86_64-mingw32/bin/../lib/gcc/nios2-elf/5.3.0/../../../../../H-x86_64-mingw32/nios2-elf/lib\libc.a(lib_a-s_fpclassify.o)
 .text.__fpclassifyd
                0x000000000000c75c       0x74 c:/intelfpga/18.1/nios2eds/bin/gnu/h-x86_64-mingw32/bin/../lib/gcc/nios2-elf/5.3.0/../../../../../H-x86_64-mingw32/nios2-elf/lib\libc.a(lib_a-s_fpclassify.o)
                0x000000000000c75c                __fpclassifyd
 .text          0x000000000000c7d0        0x0 c:/intelfpga/18.1/nios2eds/bin/gnu/h-x86_64-mingw32/bin/../lib/gcc/nios2-elf/5.3.0/../../../../../H-x86_64-mingw32/nios2-elf/lib\libc.a(lib_a-sbrkr.o)
 .text._sbrk_r  0x000000000000c7d0       0x54 c:/intelfpga/18.1/nios2eds/bin/gnu/h-x86_64-mingw32/bin/../lib/gcc/nios2-elf/5.3.0/../../../../../H-x86_64-mingw32/nios2-elf/lib\libc.a(lib_a-sbrkr.o)
                0x000000000000c7d0                _sbrk_r
 .text          0x000000000000c824        0x0 c:/intelfpga/18.1/nios2eds/bin/gnu/h-x86_64-mingw32/bin/../lib/gcc/nios2-elf/5.3.0/../../../../../H-x86_64-mingw32/nios2-elf/lib\libc.a(lib_a-stdio.o)
 .text.__sread  0x000000000000c824       0x54 c:/intelfpga/18.1/nios2eds/bin/gnu/h-x86_64-mingw32/bin/../lib/gcc/nios2-elf/5.3.0/../../../../../H-x86_64-mingw32/nios2-elf/lib\libc.a(lib_a-stdio.o)
                0x000000000000c824                __sread
 .text.__seofread
                0x000000000000c878        0x8 c:/intelfpga/18.1/nios2eds/bin/gnu/h-x86_64-mingw32/bin/../lib/gcc/nios2-elf/5.3.0/../../../../../H-x86_64-mingw32/nios2-elf/lib\libc.a(lib_a-stdio.o)
                0x000000000000c878                __seofread
 .text.__swrite
                0x000000000000c880       0x7c c:/intelfpga/18.1/nios2eds/bin/gnu/h-x86_64-mingw32/bin/../lib/gcc/nios2-elf/5.3.0/../../../../../H-x86_64-mingw32/nios2-elf/lib\libc.a(lib_a-stdio.o)
                0x000000000000c880                __swrite
 .text.__sseek  0x000000000000c8fc       0x5c c:/intelfpga/18.1/nios2eds/bin/gnu/h-x86_64-mingw32/bin/../lib/gcc/nios2-elf/5.3.0/../../../../../H-x86_64-mingw32/nios2-elf/lib\libc.a(lib_a-stdio.o)
                0x000000000000c8fc                __sseek
 .text.__sclose
                0x000000000000c958        0x8 c:/intelfpga/18.1/nios2eds/bin/gnu/h-x86_64-mingw32/bin/../lib/gcc/nios2-elf/5.3.0/../../../../../H-x86_64-mingw32/nios2-elf/lib\libc.a(lib_a-stdio.o)
                0x000000000000c958                __sclose
 .text          0x000000000000c960        0x0 c:/intelfpga/18.1/nios2eds/bin/gnu/h-x86_64-mingw32/bin/../lib/gcc/nios2-elf/5.3.0/../../../../../H-x86_64-mingw32/nios2-elf/lib\libc.a(lib_a-strcmp.o)
 .text.strcmp   0x000000000000c960       0xdc c:/intelfpga/18.1/nios2eds/bin/gnu/h-x86_64-mingw32/bin/../lib/gcc/nios2-elf/5.3.0/../../../../../H-x86_64-mingw32/nios2-elf/lib\libc.a(lib_a-strcmp.o)
                0x000000000000c960                strcmp
 .text          0x000000000000ca3c        0x0 c:/intelfpga/18.1/nios2eds/bin/gnu/h-x86_64-mingw32/bin/../lib/gcc/nios2-elf/5.3.0/../../../../../H-x86_64-mingw32/nios2-elf/lib\libc.a(lib_a-vfiprintf.o)
 .text.__sprint_r.part.0
                0x000000000000ca3c       0xfc c:/intelfpga/18.1/nios2eds/bin/gnu/h-x86_64-mingw32/bin/../lib/gcc/nios2-elf/5.3.0/../../../../../H-x86_64-mingw32/nios2-elf/lib\libc.a(lib_a-vfiprintf.o)
 .text.__sprint_r
                0x000000000000cb38       0x18 c:/intelfpga/18.1/nios2eds/bin/gnu/h-x86_64-mingw32/bin/../lib/gcc/nios2-elf/5.3.0/../../../../../H-x86_64-mingw32/nios2-elf/lib\libc.a(lib_a-vfiprintf.o)
                0x000000000000cb38                __sprint_r
 .text.___vfiprintf_internal_r
                0x000000000000cb50     0x145c c:/intelfpga/18.1/nios2eds/bin/gnu/h-x86_64-mingw32/bin/../lib/gcc/nios2-elf/5.3.0/../../../../../H-x86_64-mingw32/nios2-elf/lib\libc.a(lib_a-vfiprintf.o)
                0x000000000000cb50                ___vfiprintf_internal_r
 .text.__vfiprintf_internal
                0x000000000000dfac       0x1c c:/intelfpga/18.1/nios2eds/bin/gnu/h-x86_64-mingw32/bin/../lib/gcc/nios2-elf/5.3.0/../../../../../H-x86_64-mingw32/nios2-elf/lib\libc.a(lib_a-vfiprintf.o)
                0x000000000000dfac                __vfiprintf_internal
 .text.__sbprintf
                0x000000000000dfc8       0xbc c:/intelfpga/18.1/nios2eds/bin/gnu/h-x86_64-mingw32/bin/../lib/gcc/nios2-elf/5.3.0/../../../../../H-x86_64-mingw32/nios2-elf/lib\libc.a(lib_a-vfiprintf.o)
 .text          0x000000000000e084        0x0 c:/intelfpga/18.1/nios2eds/bin/gnu/h-x86_64-mingw32/bin/../lib/gcc/nios2-elf/5.3.0/../../../../../H-x86_64-mingw32/nios2-elf/lib\libc.a(lib_a-writer.o)
 .text._write_r
                0x000000000000e084       0x60 c:/intelfpga/18.1/nios2eds/bin/gnu/h-x86_64-mingw32/bin/../lib/gcc/nios2-elf/5.3.0/../../../../../H-x86_64-mingw32/nios2-elf/lib\libc.a(lib_a-writer.o)
                0x000000000000e084                _write_r
 .text          0x000000000000e0e4        0x0 c:/intelfpga/18.1/nios2eds/bin/gnu/h-x86_64-mingw32/bin/../lib/gcc/nios2-elf/5.3.0/../../../../../H-x86_64-mingw32/nios2-elf/lib\libc.a(closer.o)
 .text._close_r
                0x000000000000e0e4       0x54 c:/intelfpga/18.1/nios2eds/bin/gnu/h-x86_64-mingw32/bin/../lib/gcc/nios2-elf/5.3.0/../../../../../H-x86_64-mingw32/nios2-elf/lib\libc.a(closer.o)
                0x000000000000e0e4                _close_r
 .text          0x000000000000e138        0x0 c:/intelfpga/18.1/nios2eds/bin/gnu/h-x86_64-mingw32/bin/../lib/gcc/nios2-elf/5.3.0/../../../../../H-x86_64-mingw32/nios2-elf/lib\libc.a(lib_a-callocr.o)
 .text._calloc_r
                0x000000000000e138       0xc4 c:/intelfpga/18.1/nios2eds/bin/gnu/h-x86_64-mingw32/bin/../lib/gcc/nios2-elf/5.3.0/../../../../../H-x86_64-mingw32/nios2-elf/lib\libc.a(lib_a-callocr.o)
                0x000000000000e138                _calloc_r
 .text          0x000000000000e1fc        0x0 c:/intelfpga/18.1/nios2eds/bin/gnu/h-x86_64-mingw32/bin/../lib/gcc/nios2-elf/5.3.0/../../../../../H-x86_64-mingw32/nios2-elf/lib\libc.a(lib_a-fclose.o)
 .text._fclose_r
                0x000000000000e1fc       0xf0 c:/intelfpga/18.1/nios2eds/bin/gnu/h-x86_64-mingw32/bin/../lib/gcc/nios2-elf/5.3.0/../../../../../H-x86_64-mingw32/nios2-elf/lib\libc.a(lib_a-fclose.o)
                0x000000000000e1fc                _fclose_r
 .text.fclose   0x000000000000e2ec       0x14 c:/intelfpga/18.1/nios2eds/bin/gnu/h-x86_64-mingw32/bin/../lib/gcc/nios2-elf/5.3.0/../../../../../H-x86_64-mingw32/nios2-elf/lib\libc.a(lib_a-fclose.o)
                0x000000000000e2ec                fclose
 .text          0x000000000000e300        0x0 c:/intelfpga/18.1/nios2eds/bin/gnu/h-x86_64-mingw32/bin/../lib/gcc/nios2-elf/5.3.0/../../../../../H-x86_64-mingw32/nios2-elf/lib\libc.a(lib_a-fputwc.o)
 .text.__fputwc
                0x000000000000e300      0x164 c:/intelfpga/18.1/nios2eds/bin/gnu/h-x86_64-mingw32/bin/../lib/gcc/nios2-elf/5.3.0/../../../../../H-x86_64-mingw32/nios2-elf/lib\libc.a(lib_a-fputwc.o)
                0x000000000000e300                __fputwc
 .text._fputwc_r
                0x000000000000e464       0x24 c:/intelfpga/18.1/nios2eds/bin/gnu/h-x86_64-mingw32/bin/../lib/gcc/nios2-elf/5.3.0/../../../../../H-x86_64-mingw32/nios2-elf/lib\libc.a(lib_a-fputwc.o)
                0x000000000000e464                _fputwc_r
 .text.fputwc   0x000000000000e488       0x80 c:/intelfpga/18.1/nios2eds/bin/gnu/h-x86_64-mingw32/bin/../lib/gcc/nios2-elf/5.3.0/../../../../../H-x86_64-mingw32/nios2-elf/lib\libc.a(lib_a-fputwc.o)
                0x000000000000e488                fputwc
 .text          0x000000000000e508        0x0 c:/intelfpga/18.1/nios2eds/bin/gnu/h-x86_64-mingw32/bin/../lib/gcc/nios2-elf/5.3.0/../../../../../H-x86_64-mingw32/nios2-elf/lib\libc.a(lib_a-fstatr.o)
 .text._fstat_r
                0x000000000000e508       0x5c c:/intelfpga/18.1/nios2eds/bin/gnu/h-x86_64-mingw32/bin/../lib/gcc/nios2-elf/5.3.0/../../../../../H-x86_64-mingw32/nios2-elf/lib\libc.a(lib_a-fstatr.o)
                0x000000000000e508                _fstat_r
 .text          0x000000000000e564        0x0 c:/intelfpga/18.1/nios2eds/bin/gnu/h-x86_64-mingw32/bin/../lib/gcc/nios2-elf/5.3.0/../../../../../H-x86_64-mingw32/nios2-elf/lib\libc.a(lib_a-int_errno.o)
 .text          0x000000000000e564        0x0 c:/intelfpga/18.1/nios2eds/bin/gnu/h-x86_64-mingw32/bin/../lib/gcc/nios2-elf/5.3.0/../../../../../H-x86_64-mingw32/nios2-elf/lib\libc.a(lib_a-isattyr.o)
 .text._isatty_r
                0x000000000000e564       0x54 c:/intelfpga/18.1/nios2eds/bin/gnu/h-x86_64-mingw32/bin/../lib/gcc/nios2-elf/5.3.0/../../../../../H-x86_64-mingw32/nios2-elf/lib\libc.a(lib_a-isattyr.o)
                0x000000000000e564                _isatty_r
 .text          0x000000000000e5b8        0x0 c:/intelfpga/18.1/nios2eds/bin/gnu/h-x86_64-mingw32/bin/../lib/gcc/nios2-elf/5.3.0/../../../../../H-x86_64-mingw32/nios2-elf/lib\libc.a(lib_a-lseekr.o)
 .text._lseek_r
                0x000000000000e5b8       0x60 c:/intelfpga/18.1/nios2eds/bin/gnu/h-x86_64-mingw32/bin/../lib/gcc/nios2-elf/5.3.0/../../../../../H-x86_64-mingw32/nios2-elf/lib\libc.a(lib_a-lseekr.o)
                0x000000000000e5b8                _lseek_r
 .text          0x000000000000e618        0x0 c:/intelfpga/18.1/nios2eds/bin/gnu/h-x86_64-mingw32/bin/../lib/gcc/nios2-elf/5.3.0/../../../../../H-x86_64-mingw32/nios2-elf/lib\libc.a(lib_a-readr.o)
 .text._read_r  0x000000000000e618       0x60 c:/intelfpga/18.1/nios2eds/bin/gnu/h-x86_64-mingw32/bin/../lib/gcc/nios2-elf/5.3.0/../../../../../H-x86_64-mingw32/nios2-elf/lib\libc.a(lib_a-readr.o)
                0x000000000000e618                _read_r
 .text          0x000000000000e678        0x0 c:/intelfpga/18.1/nios2eds/bin/gnu/h-x86_64-mingw32/bin/../lib/gcc/nios2-elf/5.3.0/../../../../../H-x86_64-mingw32/nios2-elf/lib\libc.a(lib_a-wbuf.o)
 .text.__swbuf_r
                0x000000000000e678      0x140 c:/intelfpga/18.1/nios2eds/bin/gnu/h-x86_64-mingw32/bin/../lib/gcc/nios2-elf/5.3.0/../../../../../H-x86_64-mingw32/nios2-elf/lib\libc.a(lib_a-wbuf.o)
                0x000000000000e678                __swbuf_r
 .text.__swbuf  0x000000000000e7b8       0x18 c:/intelfpga/18.1/nios2eds/bin/gnu/h-x86_64-mingw32/bin/../lib/gcc/nios2-elf/5.3.0/../../../../../H-x86_64-mingw32/nios2-elf/lib\libc.a(lib_a-wbuf.o)
                0x000000000000e7b8                __swbuf
 .text          0x000000000000e7d0        0x0 c:/intelfpga/18.1/nios2eds/bin/gnu/h-x86_64-mingw32/bin/../lib/gcc/nios2-elf/5.3.0/../../../../../H-x86_64-mingw32/nios2-elf/lib\libc.a(lib_a-wcrtomb.o)
 .text._wcrtomb_r
                0x000000000000e7d0       0x9c c:/intelfpga/18.1/nios2eds/bin/gnu/h-x86_64-mingw32/bin/../lib/gcc/nios2-elf/5.3.0/../../../../../H-x86_64-mingw32/nios2-elf/lib\libc.a(lib_a-wcrtomb.o)
                0x000000000000e7d0                _wcrtomb_r
 .text.wcrtomb  0x000000000000e86c       0xc0 c:/intelfpga/18.1/nios2eds/bin/gnu/h-x86_64-mingw32/bin/../lib/gcc/nios2-elf/5.3.0/../../../../../H-x86_64-mingw32/nios2-elf/lib\libc.a(lib_a-wcrtomb.o)
                0x000000000000e86c                wcrtomb
 .text          0x000000000000e92c        0x0 c:/intelfpga/18.1/nios2eds/bin/gnu/h-x86_64-mingw32/bin/../lib/gcc/nios2-elf/5.3.0/../../../../../H-x86_64-mingw32/nios2-elf/lib\libc.a(lib_a-wctomb_r.o)
 .text.__ascii_wctomb
                0x000000000000e92c       0x30 c:/intelfpga/18.1/nios2eds/bin/gnu/h-x86_64-mingw32/bin/../lib/gcc/nios2-elf/5.3.0/../../../../../H-x86_64-mingw32/nios2-elf/lib\libc.a(lib_a-wctomb_r.o)
                0x000000000000e92c                __ascii_wctomb
 .text._wctomb_r
                0x000000000000e95c       0x5c c:/intelfpga/18.1/nios2eds/bin/gnu/h-x86_64-mingw32/bin/../lib/gcc/nios2-elf/5.3.0/../../../../../H-x86_64-mingw32/nios2-elf/lib\libc.a(lib_a-wctomb_r.o)
                0x000000000000e95c                _wctomb_r
 .text          0x000000000000e9b8      0x578 c:/intelfpga/18.1/nios2eds/bin/gnu/h-x86_64-mingw32/bin/../lib/gcc/nios2-elf/5.3.0\libgcc.a(_udivdi3.o)
                0x000000000000e9b8                __udivdi3
 .text          0x000000000000ef30      0x538 c:/intelfpga/18.1/nios2eds/bin/gnu/h-x86_64-mingw32/bin/../lib/gcc/nios2-elf/5.3.0\libgcc.a(_umoddi3.o)
                0x000000000000ef30                __umoddi3
 .text          0x000000000000f468      0x1b4 c:/intelfpga/18.1/nios2eds/bin/gnu/h-x86_64-mingw32/bin/../lib/gcc/nios2-elf/5.3.0\libgcc.a(lib2-divmod.o)
                0x000000000000f468                __divsi3
                0x000000000000f4ec                __modsi3
                0x000000000000f560                __udivsi3
                0x000000000000f5c4                __umodsi3
 .text          0x000000000000f61c      0x8ac c:/intelfpga/18.1/nios2eds/bin/gnu/h-x86_64-mingw32/bin/../lib/gcc/nios2-elf/5.3.0\libgcc.a(adddf3.o)
                0x000000000000f61c                __adddf3
 .text          0x000000000000fec8      0x8e8 c:/intelfpga/18.1/nios2eds/bin/gnu/h-x86_64-mingw32/bin/../lib/gcc/nios2-elf/5.3.0\libgcc.a(divdf3.o)
                0x000000000000fec8                __divdf3
 .text          0x00000000000107b0       0x88 c:/intelfpga/18.1/nios2eds/bin/gnu/h-x86_64-mingw32/bin/../lib/gcc/nios2-elf/5.3.0\libgcc.a(eqdf2.o)
                0x00000000000107b0                __nedf2
                0x00000000000107b0                __eqdf2
 .text          0x0000000000010838       0xdc c:/intelfpga/18.1/nios2eds/bin/gnu/h-x86_64-mingw32/bin/../lib/gcc/nios2-elf/5.3.0\libgcc.a(gedf2.o)
                0x0000000000010838                __gedf2
                0x0000000000010838                __gtdf2
 .text          0x0000000000010914       0xf4 c:/intelfpga/18.1/nios2eds/bin/gnu/h-x86_64-mingw32/bin/../lib/gcc/nios2-elf/5.3.0\libgcc.a(ledf2.o)
                0x0000000000010914                __ledf2
                0x0000000000010914                __ltdf2
 .text          0x0000000000010a08      0x718 c:/intelfpga/18.1/nios2eds/bin/gnu/h-x86_64-mingw32/bin/../lib/gcc/nios2-elf/5.3.0\libgcc.a(muldf3.o)
                0x0000000000010a08                __muldf3
 .text          0x0000000000011120      0x8fc c:/intelfpga/18.1/nios2eds/bin/gnu/h-x86_64-mingw32/bin/../lib/gcc/nios2-elf/5.3.0\libgcc.a(subdf3.o)
                0x0000000000011120                __subdf3
 .text          0x0000000000011a1c       0x80 c:/intelfpga/18.1/nios2eds/bin/gnu/h-x86_64-mingw32/bin/../lib/gcc/nios2-elf/5.3.0\libgcc.a(fixdfsi.o)
                0x0000000000011a1c                __fixdfsi
 .text          0x0000000000011a9c       0xdc c:/intelfpga/18.1/nios2eds/bin/gnu/h-x86_64-mingw32/bin/../lib/gcc/nios2-elf/5.3.0\libgcc.a(floatsidf.o)
                0x0000000000011a9c                __floatsidf
 .text          0x0000000000011b78       0xa8 c:/intelfpga/18.1/nios2eds/bin/gnu/h-x86_64-mingw32/bin/../lib/gcc/nios2-elf/5.3.0\libgcc.a(floatunsidf.o)
                0x0000000000011b78                __floatunsidf
 .text          0x0000000000011c20        0x0 c:/intelfpga/18.1/nios2eds/bin/gnu/h-x86_64-mingw32/bin/../lib/gcc/nios2-elf/5.3.0\libgcc.a(_clz.o)
 .text          0x0000000000011c20       0x64 c:/intelfpga/18.1/nios2eds/bin/gnu/h-x86_64-mingw32/bin/../lib/gcc/nios2-elf/5.3.0\libgcc.a(_clzsi2.o)
                0x0000000000011c20                __clzsi2
 .text          0x0000000000011c84      0x10c ../Ass1_bsp/\libhal_bsp.a(alt_close.o)
                0x0000000000011cc0                close
 .text          0x0000000000011d90       0x2c ../Ass1_bsp/\libhal_bsp.a(alt_dev.o)
 .text          0x0000000000011dbc        0x0 ../Ass1_bsp/\libhal_bsp.a(alt_errno.o)
 .text          0x0000000000011dbc       0xec ../Ass1_bsp/\libhal_bsp.a(alt_fstat.o)
                0x0000000000011df8                fstat
 .text          0x0000000000011ea8        0x0 ../Ass1_bsp/\libhal_bsp.a(alt_irq_handler.o)
 .text          0x0000000000011ea8        0x0 ../Ass1_bsp/\libhal_bsp.a(alt_irq_vars.o)
 .text          0x0000000000011ea8       0xe0 ../Ass1_bsp/\libhal_bsp.a(alt_isatty.o)
                0x0000000000011ee4                isatty
 .text          0x0000000000011f88      0x110 ../Ass1_bsp/\libhal_bsp.a(alt_lseek.o)
                0x0000000000011fc4                lseek
 .text          0x0000000000012098       0x7c ../Ass1_bsp/\libhal_bsp.a(alt_main.o)
                0x0000000000012098                alt_main
 .text          0x0000000000012114       0x48 ../Ass1_bsp/\libhal_bsp.a(alt_malloc_lock.o)
                0x0000000000012114                __malloc_lock
                0x0000000000012138                __malloc_unlock
 .text          0x000000000001215c      0x138 ../Ass1_bsp/\libhal_bsp.a(alt_read.o)
                0x0000000000012198                read
 .text          0x0000000000012294       0x64 ../Ass1_bsp/\libhal_bsp.a(alt_release_fd.o)
                0x0000000000012294                alt_release_fd
 .text          0x00000000000122f8       0xb0 ../Ass1_bsp/\libhal_bsp.a(alt_sbrk.o)
                0x00000000000122f8                sbrk
 .text          0x00000000000123a8      0x134 ../Ass1_bsp/\libhal_bsp.a(alt_write.o)
                0x00000000000123e4                write
 .text          0x00000000000124dc      0x3c0 ../Ass1_bsp/\libhal_bsp.a(alt_sys_init.o)
                0x0000000000012510                alt_irq_init
                0x0000000000012548                alt_sys_init
 .text          0x000000000001289c      0x898 ../Ass1_bsp/\libhal_bsp.a(altera_avalon_cfi_flash.o)
                0x00000000000128d0                alt_flash_cfi_init
                0x0000000000012960                alt_flash_cfi_write
                0x0000000000012c08                alt_flash_cfi_get_info
                0x0000000000012c94                alt_flash_cfi_read
                0x0000000000012cf8                alt_write_value_to_flash
                0x0000000000012e54                alt_flash_program_block
 .text          0x0000000000013134     0x1448 ../Ass1_bsp/\libhal_bsp.a(altera_avalon_cfi_flash_table.o)
                0x0000000000013134                alt_read_query_entry_8bit
                0x0000000000013170                alt_read_query_entry_16bit
                0x00000000000131b0                alt_read_query_entry_32bit
                0x00000000000131f0                alt_write_flash_command_8bit_device_8bit_mode
                0x0000000000013234                alt_write_flash_command_16bit_device_8bit_mode
                0x00000000000132ac                alt_write_flash_command_32bit_device_8bit_mode
                0x00000000000132fc                alt_write_flash_command_16bit_device_16bit_mode
                0x0000000000013348                alt_write_flash_command_32bit_device_16bit_mode
                0x0000000000013398                alt_write_flash_command_32bit_device_32bit_mode
                0x00000000000133e8                alt_write_native_8bit
                0x0000000000013420                alt_write_native_16bit
                0x0000000000013458                alt_write_native_32bit
                0x000000000001348c                alt_set_flash_width_func
                0x0000000000013650                alt_set_flash_algorithm_func
                0x000000000001376c                alt_read_cfi_table
                0x0000000000013d34                alt_read_cfi_width
                0x00000000000144a4                alt_check_primary_table
 .text          0x000000000001457c      0x164 ../Ass1_bsp/\libhal_bsp.a(altera_avalon_jtag_uart_fd.o)
                0x000000000001457c                altera_avalon_jtag_uart_read_fd
                0x00000000000145dc                altera_avalon_jtag_uart_write_fd
                0x000000000001463c                altera_avalon_jtag_uart_close_fd
                0x000000000001468c                altera_avalon_jtag_uart_ioctl_fd
 .text          0x00000000000146e0      0x3cc ../Ass1_bsp/\libhal_bsp.a(altera_avalon_jtag_uart_init.o)
                0x00000000000146e0                altera_avalon_jtag_uart_init
                0x0000000000014a44                altera_avalon_jtag_uart_close
 .text          0x0000000000014aac       0xf0 ../Ass1_bsp/\libhal_bsp.a(altera_avalon_jtag_uart_ioctl.o)
                0x0000000000014aac                altera_avalon_jtag_uart_ioctl
 .text          0x0000000000014b9c      0x21c ../Ass1_bsp/\libhal_bsp.a(altera_avalon_jtag_uart_read.o)
                0x0000000000014b9c                altera_avalon_jtag_uart_read
 .text          0x0000000000014db8      0x224 ../Ass1_bsp/\libhal_bsp.a(altera_avalon_jtag_uart_write.o)
                0x0000000000014db8                altera_avalon_jtag_uart_write
 .text          0x0000000000014fdc      0xe78 ../Ass1_bsp/\libhal_bsp.a(altera_avalon_lcd_16207.o)
                0x00000000000157a4                altera_avalon_lcd_16207_write
                0x0000000000015d24                altera_avalon_lcd_16207_init
 .text          0x0000000000015e54       0x60 ../Ass1_bsp/\libhal_bsp.a(altera_avalon_lcd_16207_fd.o)
                0x0000000000015e54                altera_avalon_lcd_16207_write_fd
 .text          0x0000000000015eb4       0xf0 ../Ass1_bsp/\libhal_bsp.a(altera_avalon_timer_sc.o)
                0x0000000000015f30                alt_avalon_timer_sc_init
 .text          0x0000000000015fa4      0x110 ../Ass1_bsp/\libhal_bsp.a(altera_avalon_uart_fd.o)
                0x0000000000015fa4                altera_avalon_uart_read_fd
                0x0000000000016004                altera_avalon_uart_write_fd
                0x0000000000016064                altera_avalon_uart_close_fd
 .text          0x00000000000160b4      0x3c4 ../Ass1_bsp/\libhal_bsp.a(altera_avalon_uart_init.o)
                0x00000000000160b4                altera_avalon_uart_init
                0x0000000000016424                altera_avalon_uart_close
 .text          0x0000000000016478      0x218 ../Ass1_bsp/\libhal_bsp.a(altera_avalon_uart_read.o)
                0x00000000000164b4                altera_avalon_uart_read
 .text          0x0000000000016690      0x1e8 ../Ass1_bsp/\libhal_bsp.a(altera_avalon_uart_write.o)
                0x00000000000166cc                altera_avalon_uart_write
 .text          0x0000000000016878      0x6b0 ../Ass1_bsp/\libhal_bsp.a(altera_up_avalon_ps2.o)
                0x0000000000016878                read_RI_bit
                0x00000000000168ac                read_RE_bit
                0x00000000000168dc                read_CE_bit
                0x0000000000016910                read_num_bytes_available
                0x0000000000016940                read_data_valid
                0x0000000000016974                read_data_byte
                0x00000000000169a0                alt_up_ps2_init
                0x0000000000016a68                alt_up_ps2_enable_read_interrupt
                0x0000000000016ac4                alt_up_ps2_disable_read_interrupt
                0x0000000000016b24                alt_up_ps2_write_data_byte
                0x0000000000016b98                alt_up_ps2_wait_for_ack
                0x0000000000016c00                alt_up_ps2_write_data_byte_with_ack
                0x0000000000016c64                alt_up_ps2_read_data_byte_timeout
                0x0000000000016d00                alt_up_ps2_read_data_byte
                0x0000000000016d70                alt_up_ps2_clear_fifo
                0x0000000000016dc8                alt_up_ps2_read_fd
                0x0000000000016e54                alt_up_ps2_write_fd
                0x0000000000016eec                alt_up_ps2_open_dev
 .text          0x0000000000016f28      0x2e0 ../Ass1_bsp/\libhal_bsp.a(altera_up_avalon_video_character_buffer_with_dma.o)
                0x0000000000016f28                alt_up_char_buffer_init
                0x0000000000016fa8                alt_up_char_buffer_open_dev
                0x0000000000016fe4                alt_up_char_buffer_draw
                0x00000000000170b0                alt_up_char_buffer_string
                0x00000000000171ac                alt_up_char_buffer_clear
 .text          0x0000000000017208      0x12c ../Ass1_bsp/\libhal_bsp.a(alt_alarm_start.o)
                0x0000000000017208                alt_alarm_start
 .text          0x0000000000017334       0x78 ../Ass1_bsp/\libhal_bsp.a(alt_dcache_flush.o)
                0x0000000000017334                alt_dcache_flush
 .text          0x00000000000173ac       0xe0 ../Ass1_bsp/\libhal_bsp.a(alt_dev_llist_insert.o)
                0x00000000000173e8                alt_dev_llist_insert
 .text          0x000000000001748c       0x60 ../Ass1_bsp/\libhal_bsp.a(alt_do_ctors.o)
                0x000000000001748c                _do_ctors
 .text          0x00000000000174ec       0x60 ../Ass1_bsp/\libhal_bsp.a(alt_do_dtors.o)
                0x00000000000174ec                _do_dtors
 .text          0x000000000001754c       0x90 ../Ass1_bsp/\libhal_bsp.a(alt_find_dev.o)
                0x000000000001754c                alt_find_dev
 .text          0x00000000000175dc       0xbc ../Ass1_bsp/\libhal_bsp.a(alt_flash_dev.o)
                0x00000000000175dc                alt_flash_open_dev
                0x0000000000017644                alt_flash_close_dev
 .text          0x0000000000017698      0x140 ../Ass1_bsp/\libhal_bsp.a(alt_io_redirect.o)
                0x000000000001775c                alt_io_redirect
 .text          0x00000000000177d8      0x254 ../Ass1_bsp/\libhal_bsp.a(alt_open.o)
                0x00000000000178d8                open
 .text          0x0000000000017a2c      0x1a4 ../Ass1_bsp/\libhal_bsp.a(alt_tick.o)
                0x0000000000017a2c                alt_alarm_stop
                0x0000000000017ac8                alt_tick
 .text          0x0000000000017bd0       0x30 ../Ass1_bsp/\libhal_bsp.a(alt_usleep.o)
                0x0000000000017bd0                usleep
 .text          0x0000000000017c00       0x24 ../Ass1_bsp/\libhal_bsp.a(altera_nios2_qsys_irq.o)
                0x0000000000017c00                altera_nios2_qsys_irq_init
 .text          0x0000000000017c24      0x460 ../Ass1_bsp/\libhal_bsp.a(altera_avalon_cfi_flash_amd.o)
                0x0000000000017c24                alt_program_amd
                0x0000000000017c8c                alt_erase_block_amd
 .text          0x0000000000018084      0x45c ../Ass1_bsp/\libhal_bsp.a(altera_avalon_cfi_flash_intel.o)
                0x0000000000018084                alt_program_intel
                0x0000000000018104                alt_erase_block_intel
 .text          0x00000000000184e0      0x128 ../Ass1_bsp/\libhal_bsp.a(alt_busy_sleep.o)
                0x00000000000184e0                alt_busy_sleep
 .text          0x0000000000018608      0x108 ../Ass1_bsp/\libhal_bsp.a(alt_find_file.o)
                0x0000000000018608                alt_find_file
 .text          0x0000000000018710       0xa4 ../Ass1_bsp/\libhal_bsp.a(alt_get_fd.o)
                0x0000000000018710                alt_get_fd
 .text          0x00000000000187b4        0x0 c:/intelfpga/18.1/nios2eds/bin/gnu/h-x86_64-mingw32/bin/../lib/gcc/nios2-elf/5.3.0/../../../../../H-x86_64-mingw32/nios2-elf/lib\libc.a(lib_a-atexit.o)
 .text.atexit   0x00000000000187b4       0x14 c:/intelfpga/18.1/nios2eds/bin/gnu/h-x86_64-mingw32/bin/../lib/gcc/nios2-elf/5.3.0/../../../../../H-x86_64-mingw32/nios2-elf/lib\libc.a(lib_a-atexit.o)
                0x00000000000187b4                atexit
 .text          0x00000000000187c8        0x0 c:/intelfpga/18.1/nios2eds/bin/gnu/h-x86_64-mingw32/bin/../lib/gcc/nios2-elf/5.3.0/../../../../../H-x86_64-mingw32/nios2-elf/lib\libc.a(lib_a-ctype_.o)
 .text          0x00000000000187c8        0x0 c:/intelfpga/18.1/nios2eds/bin/gnu/h-x86_64-mingw32/bin/../lib/gcc/nios2-elf/5.3.0/../../../../../H-x86_64-mingw32/nios2-elf/lib\libc.a(lib_a-exit.o)
 .text.exit     0x00000000000187c8       0x38 c:/intelfpga/18.1/nios2eds/bin/gnu/h-x86_64-mingw32/bin/../lib/gcc/nios2-elf/5.3.0/../../../../../H-x86_64-mingw32/nios2-elf/lib\libc.a(lib_a-exit.o)
                0x00000000000187c8                exit
 .text          0x0000000000018800        0x0 c:/intelfpga/18.1/nios2eds/bin/gnu/h-x86_64-mingw32/bin/../lib/gcc/nios2-elf/5.3.0/../../../../../H-x86_64-mingw32/nios2-elf/lib\libc.a(lib_a-__atexit.o)
 .text.__register_exitproc
                0x0000000000018800      0x118 c:/intelfpga/18.1/nios2eds/bin/gnu/h-x86_64-mingw32/bin/../lib/gcc/nios2-elf/5.3.0/../../../../../H-x86_64-mingw32/nios2-elf/lib\libc.a(lib_a-__atexit.o)
                0x0000000000018800                __register_exitproc
 .text          0x0000000000018918        0x0 c:/intelfpga/18.1/nios2eds/bin/gnu/h-x86_64-mingw32/bin/../lib/gcc/nios2-elf/5.3.0/../../../../../H-x86_64-mingw32/nios2-elf/lib\libc.a(lib_a-__call_atexit.o)
 .text.__call_exitprocs
                0x0000000000018918      0x180 c:/intelfpga/18.1/nios2eds/bin/gnu/h-x86_64-mingw32/bin/../lib/gcc/nios2-elf/5.3.0/../../../../../H-x86_64-mingw32/nios2-elf/lib\libc.a(lib_a-__call_atexit.o)
                0x0000000000018918                __call_exitprocs
 .text          0x0000000000018a98       0x34 ../Ass1_bsp/\libhal_bsp.a(alt_exit.o)
                0x0000000000018a98                _exit
 *(.gnu.warning.*)
 *(.fini)
                [!provide]                        PROVIDE (__etext, ABSOLUTE (.))
                [!provide]                        PROVIDE (_etext, ABSOLUTE (.))
                [!provide]                        PROVIDE (etext, ABSOLUTE (.))
 *(.eh_frame_hdr)
                0x0000000000018acc                . = ALIGN (0x4)
                [!provide]                        PROVIDE (__preinit_array_start, ABSOLUTE (.))
 *(.preinit_array)
                [!provide]                        PROVIDE (__preinit_array_end, ABSOLUTE (.))
                [!provide]                        PROVIDE (__init_array_start, ABSOLUTE (.))
 *(.init_array)
                [!provide]                        PROVIDE (__init_array_end, ABSOLUTE (.))
                [!provide]                        PROVIDE (__fini_array_start, ABSOLUTE (.))
 *(.fini_array)
                [!provide]                        PROVIDE (__fini_array_end, ABSOLUTE (.))
 *(.eh_frame)
 *(.gcc_except_table .gcc_except_table.*)
 *(.dynamic)
                0x0000000000018acc                PROVIDE (__CTOR_LIST__, ABSOLUTE (.))
 *(.ctors)
 *(SORT(.ctors.*))
                0x0000000000018acc                PROVIDE (__CTOR_END__, ABSOLUTE (.))
                0x0000000000018acc                PROVIDE (__DTOR_LIST__, ABSOLUTE (.))
 *(.dtors)
 *(SORT(.dtors.*))
                0x0000000000018acc                PROVIDE (__DTOR_END__, ABSOLUTE (.))
 *(.jcr)
                0x0000000000018acc                . = ALIGN (0x4)

.rodata         0x0000000008000000      0x704
                [!provide]                        PROVIDE (__ram_rodata_start, ABSOLUTE (.))
                0x0000000008000000                . = ALIGN (0x4)
 *(.rodata .rodata.* .gnu.linkonce.r.*)
 .rodata        0x0000000008000000       0x34 obj/default/FreeRTOS/port.o
 .rodata        0x0000000008000034       0x19 obj/default/FreeRTOS/tasks.o
 *fill*         0x000000000800004d        0x3 
 .rodata        0x0000000008000050        0x8 obj/default/FreeRTOS/timers.o
 .rodata        0x0000000008000058       0x78 obj/default/hello_world.o
 .rodata.str1.4
                0x00000000080000d0        0x2 c:/intelfpga/18.1/nios2eds/bin/gnu/h-x86_64-mingw32/bin/../lib/gcc/nios2-elf/5.3.0/../../../../../H-x86_64-mingw32/nios2-elf/lib\libc.a(lib_a-puts.o)
 *fill*         0x00000000080000d2        0x2 
 .rodata.str1.4
                0x00000000080000d4       0x42 c:/intelfpga/18.1/nios2eds/bin/gnu/h-x86_64-mingw32/bin/../lib/gcc/nios2-elf/5.3.0/../../../../../H-x86_64-mingw32/nios2-elf/lib\libc.a(lib_a-vfprintf.o)
 .rodata.zeroes.4404
                0x0000000008000116       0x10 c:/intelfpga/18.1/nios2eds/bin/gnu/h-x86_64-mingw32/bin/../lib/gcc/nios2-elf/5.3.0/../../../../../H-x86_64-mingw32/nios2-elf/lib\libc.a(lib_a-vfprintf.o)
 .rodata.blanks.4403
                0x0000000008000126       0x10 c:/intelfpga/18.1/nios2eds/bin/gnu/h-x86_64-mingw32/bin/../lib/gcc/nios2-elf/5.3.0/../../../../../H-x86_64-mingw32/nios2-elf/lib\libc.a(lib_a-vfprintf.o)
 *fill*         0x0000000008000136        0x2 
 .rodata.str1.4
                0x0000000008000138       0x10 c:/intelfpga/18.1/nios2eds/bin/gnu/h-x86_64-mingw32/bin/../lib/gcc/nios2-elf/5.3.0/../../../../../H-x86_64-mingw32/nios2-elf/lib\libc.a(lib_a-dtoa.o)
                                         0x12 (size before relaxing)
 .rodata.str1.4
                0x0000000008000148        0x2 c:/intelfpga/18.1/nios2eds/bin/gnu/h-x86_64-mingw32/bin/../lib/gcc/nios2-elf/5.3.0/../../../../../H-x86_64-mingw32/nios2-elf/lib\libc.a(lib_a-impure.o)
 *fill*         0x000000000800014a        0x2 
 .rodata.str1.4
                0x000000000800014c        0xc c:/intelfpga/18.1/nios2eds/bin/gnu/h-x86_64-mingw32/bin/../lib/gcc/nios2-elf/5.3.0/../../../../../H-x86_64-mingw32/nios2-elf/lib\libc.a(lib_a-locale.o)
                                         0x12 (size before relaxing)
 .rodata.p05.2768
                0x0000000008000158        0xc c:/intelfpga/18.1/nios2eds/bin/gnu/h-x86_64-mingw32/bin/../lib/gcc/nios2-elf/5.3.0/../../../../../H-x86_64-mingw32/nios2-elf/lib\libc.a(lib_a-mprec.o)
 .rodata.__mprec_tinytens
                0x0000000008000164       0x28 c:/intelfpga/18.1/nios2eds/bin/gnu/h-x86_64-mingw32/bin/../lib/gcc/nios2-elf/5.3.0/../../../../../H-x86_64-mingw32/nios2-elf/lib\libc.a(lib_a-mprec.o)
                0x0000000008000164                __mprec_tinytens
 .rodata.__mprec_bigtens
                0x000000000800018c       0x28 c:/intelfpga/18.1/nios2eds/bin/gnu/h-x86_64-mingw32/bin/../lib/gcc/nios2-elf/5.3.0/../../../../../H-x86_64-mingw32/nios2-elf/lib\libc.a(lib_a-mprec.o)
                0x000000000800018c                __mprec_bigtens
 .rodata.__mprec_tens
                0x00000000080001b4       0xc8 c:/intelfpga/18.1/nios2eds/bin/gnu/h-x86_64-mingw32/bin/../lib/gcc/nios2-elf/5.3.0/../../../../../H-x86_64-mingw32/nios2-elf/lib\libc.a(lib_a-mprec.o)
                0x00000000080001b4                __mprec_tens
 .rodata.str1.4
                0x000000000800027c       0x2f c:/intelfpga/18.1/nios2eds/bin/gnu/h-x86_64-mingw32/bin/../lib/gcc/nios2-elf/5.3.0/../../../../../H-x86_64-mingw32/nios2-elf/lib\libc.a(lib_a-vfiprintf.o)
 .rodata.zeroes.4349
                0x000000000800027c       0x10 c:/intelfpga/18.1/nios2eds/bin/gnu/h-x86_64-mingw32/bin/../lib/gcc/nios2-elf/5.3.0/../../../../../H-x86_64-mingw32/nios2-elf/lib\libc.a(lib_a-vfiprintf.o)
 .rodata.blanks.4348
                0x000000000800028c       0x10 c:/intelfpga/18.1/nios2eds/bin/gnu/h-x86_64-mingw32/bin/../lib/gcc/nios2-elf/5.3.0/../../../../../H-x86_64-mingw32/nios2-elf/lib\libc.a(lib_a-vfiprintf.o)
 .rodata        0x000000000800029c      0x100 c:/intelfpga/18.1/nios2eds/bin/gnu/h-x86_64-mingw32/bin/../lib/gcc/nios2-elf/5.3.0\libgcc.a(_clz.o)
                0x000000000800029c                __clz_tab
 .rodata        0x000000000800039c        0xa ../Ass1_bsp/\libhal_bsp.a(alt_dev.o)
 *fill*         0x00000000080003a6        0x2 
 .rodata        0x00000000080003a8        0xf ../Ass1_bsp/\libhal_bsp.a(alt_main.o)
 *fill*         0x00000000080003b7        0x1 
 .rodata        0x00000000080003b8       0xb0 ../Ass1_bsp/\libhal_bsp.a(alt_sys_init.o)
 .rodata        0x0000000008000468       0x1a ../Ass1_bsp/\libhal_bsp.a(altera_up_avalon_video_character_buffer_with_dma.o)
 .rodata._ctype_
                0x0000000008000482      0x101 c:/intelfpga/18.1/nios2eds/bin/gnu/h-x86_64-mingw32/bin/../lib/gcc/nios2-elf/5.3.0/../../../../../H-x86_64-mingw32/nios2-elf/lib\libc.a(lib_a-ctype_.o)
                0x0000000008000482                _ctype_
 .rodata._ctype_b
                0x0000000008000583      0x180 c:/intelfpga/18.1/nios2eds/bin/gnu/h-x86_64-mingw32/bin/../lib/gcc/nios2-elf/5.3.0/../../../../../H-x86_64-mingw32/nios2-elf/lib\libc.a(lib_a-ctype_.o)
 *(.rodata1)
                0x0000000008000704                . = ALIGN (0x4)
 *fill*         0x0000000008000703        0x1 
                [!provide]                        PROVIDE (__ram_rodata_end, ABSOLUTE (.))
                [!provide]                        PROVIDE (__flash_rodata_start, LOADADDR (.rodata))

.rwdata         0x0000000008000704     0x1ea0
                [!provide]                        PROVIDE (__ram_rwdata_start, ABSOLUTE (.))
                0x0000000008000704                . = ALIGN (0x4)
 *(.got.plt)
 *(.got)
 *(.data1)
 *(.data .data.* .gnu.linkonce.d.*)
 .data          0x0000000008000704        0x0 ../Ass1_bsp//obj/HAL/src/crt0.o
 .data          0x0000000008000704        0x0 obj/default/FreeRTOS/croutine.o
 .data          0x0000000008000704        0x0 obj/default/FreeRTOS/event_groups.o
 .data          0x0000000008000704        0x0 obj/default/FreeRTOS/heap.o
 .data          0x0000000008000704        0x0 obj/default/FreeRTOS/list.o
 .data          0x0000000008000704        0x0 obj/default/FreeRTOS/port.o
 .data          0x0000000008000704        0x0 obj/default/FreeRTOS/queue.o
 .data          0x0000000008000704        0x0 obj/default/FreeRTOS/tasks.o
 .data          0x0000000008000704        0x0 obj/default/FreeRTOS/timers.o
 .data          0x0000000008000704        0x0 obj/default/hello_world.o
 .data          0x0000000008000704        0x0 obj/default/FreeRTOS/port_asm.o
 .data          0x0000000008000704        0x0 c:/intelfpga/18.1/nios2eds/bin/gnu/h-x86_64-mingw32/bin/../lib/gcc/nios2-elf/5.3.0/../../../../../H-x86_64-mingw32/nios2-elf/lib\libc.a(lib_a-memcmp.o)
 .data          0x0000000008000704        0x0 c:/intelfpga/18.1/nios2eds/bin/gnu/h-x86_64-mingw32/bin/../lib/gcc/nios2-elf/5.3.0/../../../../../H-x86_64-mingw32/nios2-elf/lib\libc.a(lib_a-memcpy.o)
 .data          0x0000000008000704        0x0 c:/intelfpga/18.1/nios2eds/bin/gnu/h-x86_64-mingw32/bin/../lib/gcc/nios2-elf/5.3.0/../../../../../H-x86_64-mingw32/nios2-elf/lib\libc.a(lib_a-memset.o)
 .data          0x0000000008000704        0x0 c:/intelfpga/18.1/nios2eds/bin/gnu/h-x86_64-mingw32/bin/../lib/gcc/nios2-elf/5.3.0/../../../../../H-x86_64-mingw32/nios2-elf/lib\libc.a(lib_a-printf.o)
 .data          0x0000000008000704        0x0 c:/intelfpga/18.1/nios2eds/bin/gnu/h-x86_64-mingw32/bin/../lib/gcc/nios2-elf/5.3.0/../../../../../H-x86_64-mingw32/nios2-elf/lib\libc.a(lib_a-puts.o)
 .data          0x0000000008000704        0x0 c:/intelfpga/18.1/nios2eds/bin/gnu/h-x86_64-mingw32/bin/../lib/gcc/nios2-elf/5.3.0/../../../../../H-x86_64-mingw32/nios2-elf/lib\libc.a(lib_a-strlen.o)
 .data          0x0000000008000704        0x0 c:/intelfpga/18.1/nios2eds/bin/gnu/h-x86_64-mingw32/bin/../lib/gcc/nios2-elf/5.3.0/../../../../../H-x86_64-mingw32/nios2-elf/lib\libc.a(lib_a-vfprintf.o)
 .data          0x0000000008000704        0x0 c:/intelfpga/18.1/nios2eds/bin/gnu/h-x86_64-mingw32/bin/../lib/gcc/nios2-elf/5.3.0/../../../../../H-x86_64-mingw32/nios2-elf/lib\libc.a(lib_a-wsetup.o)
 .data          0x0000000008000704        0x0 c:/intelfpga/18.1/nios2eds/bin/gnu/h-x86_64-mingw32/bin/../lib/gcc/nios2-elf/5.3.0/../../../../../H-x86_64-mingw32/nios2-elf/lib\libc.a(lib_a-dtoa.o)
 .data          0x0000000008000704        0x0 c:/intelfpga/18.1/nios2eds/bin/gnu/h-x86_64-mingw32/bin/../lib/gcc/nios2-elf/5.3.0/../../../../../H-x86_64-mingw32/nios2-elf/lib\libc.a(lib_a-fflush.o)
 .data          0x0000000008000704        0x0 c:/intelfpga/18.1/nios2eds/bin/gnu/h-x86_64-mingw32/bin/../lib/gcc/nios2-elf/5.3.0/../../../../../H-x86_64-mingw32/nios2-elf/lib\libc.a(lib_a-findfp.o)
 .data          0x0000000008000704        0x0 c:/intelfpga/18.1/nios2eds/bin/gnu/h-x86_64-mingw32/bin/../lib/gcc/nios2-elf/5.3.0/../../../../../H-x86_64-mingw32/nios2-elf/lib\libc.a(lib_a-freer.o)
 .data          0x0000000008000704        0x0 c:/intelfpga/18.1/nios2eds/bin/gnu/h-x86_64-mingw32/bin/../lib/gcc/nios2-elf/5.3.0/../../../../../H-x86_64-mingw32/nios2-elf/lib\libc.a(lib_a-fvwrite.o)
 .data          0x0000000008000704        0x0 c:/intelfpga/18.1/nios2eds/bin/gnu/h-x86_64-mingw32/bin/../lib/gcc/nios2-elf/5.3.0/../../../../../H-x86_64-mingw32/nios2-elf/lib\libc.a(lib_a-fwalk.o)
 .data          0x0000000008000704        0x0 c:/intelfpga/18.1/nios2eds/bin/gnu/h-x86_64-mingw32/bin/../lib/gcc/nios2-elf/5.3.0/../../../../../H-x86_64-mingw32/nios2-elf/lib\libc.a(lib_a-impure.o)
 .data.impure_data
                0x0000000008000704      0x424 c:/intelfpga/18.1/nios2eds/bin/gnu/h-x86_64-mingw32/bin/../lib/gcc/nios2-elf/5.3.0/../../../../../H-x86_64-mingw32/nios2-elf/lib\libc.a(lib_a-impure.o)
 .data          0x0000000008000b28        0x0 c:/intelfpga/18.1/nios2eds/bin/gnu/h-x86_64-mingw32/bin/../lib/gcc/nios2-elf/5.3.0/../../../../../H-x86_64-mingw32/nios2-elf/lib\libc.a(lib_a-locale.o)
 .data.lc_message_charset
                0x0000000008000b28       0x20 c:/intelfpga/18.1/nios2eds/bin/gnu/h-x86_64-mingw32/bin/../lib/gcc/nios2-elf/5.3.0/../../../../../H-x86_64-mingw32/nios2-elf/lib\libc.a(lib_a-locale.o)
 .data.lc_ctype_charset
                0x0000000008000b48       0x20 c:/intelfpga/18.1/nios2eds/bin/gnu/h-x86_64-mingw32/bin/../lib/gcc/nios2-elf/5.3.0/../../../../../H-x86_64-mingw32/nios2-elf/lib\libc.a(lib_a-locale.o)
 .data.lconv    0x0000000008000b68       0x38 c:/intelfpga/18.1/nios2eds/bin/gnu/h-x86_64-mingw32/bin/../lib/gcc/nios2-elf/5.3.0/../../../../../H-x86_64-mingw32/nios2-elf/lib\libc.a(lib_a-locale.o)
 .data          0x0000000008000ba0        0x0 c:/intelfpga/18.1/nios2eds/bin/gnu/h-x86_64-mingw32/bin/../lib/gcc/nios2-elf/5.3.0/../../../../../H-x86_64-mingw32/nios2-elf/lib\libc.a(lib_a-makebuf.o)
 .data          0x0000000008000ba0        0x0 c:/intelfpga/18.1/nios2eds/bin/gnu/h-x86_64-mingw32/bin/../lib/gcc/nios2-elf/5.3.0/../../../../../H-x86_64-mingw32/nios2-elf/lib\libc.a(lib_a-mallocr.o)
 .data.__malloc_av_
                0x0000000008000ba0      0x408 c:/intelfpga/18.1/nios2eds/bin/gnu/h-x86_64-mingw32/bin/../lib/gcc/nios2-elf/5.3.0/../../../../../H-x86_64-mingw32/nios2-elf/lib\libc.a(lib_a-mallocr.o)
                0x0000000008000ba0                __malloc_av_
 .data          0x0000000008000fa8        0x0 c:/intelfpga/18.1/nios2eds/bin/gnu/h-x86_64-mingw32/bin/../lib/gcc/nios2-elf/5.3.0/../../../../../H-x86_64-mingw32/nios2-elf/lib\libc.a(lib_a-memchr.o)
 .data          0x0000000008000fa8        0x0 c:/intelfpga/18.1/nios2eds/bin/gnu/h-x86_64-mingw32/bin/../lib/gcc/nios2-elf/5.3.0/../../../../../H-x86_64-mingw32/nios2-elf/lib\libc.a(lib_a-memmove.o)
 .data          0x0000000008000fa8        0x0 c:/intelfpga/18.1/nios2eds/bin/gnu/h-x86_64-mingw32/bin/../lib/gcc/nios2-elf/5.3.0/../../../../../H-x86_64-mingw32/nios2-elf/lib\libc.a(lib_a-mprec.o)
 .data          0x0000000008000fa8        0x0 c:/intelfpga/18.1/nios2eds/bin/gnu/h-x86_64-mingw32/bin/../lib/gcc/nios2-elf/5.3.0/../../../../../H-x86_64-mingw32/nios2-elf/lib\libc.a(lib_a-reallocr.o)
 .data          0x0000000008000fa8        0x0 c:/intelfpga/18.1/nios2eds/bin/gnu/h-x86_64-mingw32/bin/../lib/gcc/nios2-elf/5.3.0/../../../../../H-x86_64-mingw32/nios2-elf/lib\libc.a(lib_a-s_fpclassify.o)
 .data          0x0000000008000fa8        0x0 c:/intelfpga/18.1/nios2eds/bin/gnu/h-x86_64-mingw32/bin/../lib/gcc/nios2-elf/5.3.0/../../../../../H-x86_64-mingw32/nios2-elf/lib\libc.a(lib_a-sbrkr.o)
 .data          0x0000000008000fa8        0x0 c:/intelfpga/18.1/nios2eds/bin/gnu/h-x86_64-mingw32/bin/../lib/gcc/nios2-elf/5.3.0/../../../../../H-x86_64-mingw32/nios2-elf/lib\libc.a(lib_a-stdio.o)
 .data          0x0000000008000fa8        0x0 c:/intelfpga/18.1/nios2eds/bin/gnu/h-x86_64-mingw32/bin/../lib/gcc/nios2-elf/5.3.0/../../../../../H-x86_64-mingw32/nios2-elf/lib\libc.a(lib_a-strcmp.o)
 .data          0x0000000008000fa8        0x0 c:/intelfpga/18.1/nios2eds/bin/gnu/h-x86_64-mingw32/bin/../lib/gcc/nios2-elf/5.3.0/../../../../../H-x86_64-mingw32/nios2-elf/lib\libc.a(lib_a-vfiprintf.o)
 .data          0x0000000008000fa8        0x0 c:/intelfpga/18.1/nios2eds/bin/gnu/h-x86_64-mingw32/bin/../lib/gcc/nios2-elf/5.3.0/../../../../../H-x86_64-mingw32/nios2-elf/lib\libc.a(lib_a-writer.o)
 .data          0x0000000008000fa8        0x0 c:/intelfpga/18.1/nios2eds/bin/gnu/h-x86_64-mingw32/bin/../lib/gcc/nios2-elf/5.3.0/../../../../../H-x86_64-mingw32/nios2-elf/lib\libc.a(closer.o)
 .data          0x0000000008000fa8        0x0 c:/intelfpga/18.1/nios2eds/bin/gnu/h-x86_64-mingw32/bin/../lib/gcc/nios2-elf/5.3.0/../../../../../H-x86_64-mingw32/nios2-elf/lib\libc.a(lib_a-callocr.o)
 .data          0x0000000008000fa8        0x0 c:/intelfpga/18.1/nios2eds/bin/gnu/h-x86_64-mingw32/bin/../lib/gcc/nios2-elf/5.3.0/../../../../../H-x86_64-mingw32/nios2-elf/lib\libc.a(lib_a-fclose.o)
 .data          0x0000000008000fa8        0x0 c:/intelfpga/18.1/nios2eds/bin/gnu/h-x86_64-mingw32/bin/../lib/gcc/nios2-elf/5.3.0/../../../../../H-x86_64-mingw32/nios2-elf/lib\libc.a(lib_a-fputwc.o)
 .data          0x0000000008000fa8        0x0 c:/intelfpga/18.1/nios2eds/bin/gnu/h-x86_64-mingw32/bin/../lib/gcc/nios2-elf/5.3.0/../../../../../H-x86_64-mingw32/nios2-elf/lib\libc.a(lib_a-fstatr.o)
 .data          0x0000000008000fa8        0x0 c:/intelfpga/18.1/nios2eds/bin/gnu/h-x86_64-mingw32/bin/../lib/gcc/nios2-elf/5.3.0/../../../../../H-x86_64-mingw32/nios2-elf/lib\libc.a(lib_a-int_errno.o)
 .data          0x0000000008000fa8        0x0 c:/intelfpga/18.1/nios2eds/bin/gnu/h-x86_64-mingw32/bin/../lib/gcc/nios2-elf/5.3.0/../../../../../H-x86_64-mingw32/nios2-elf/lib\libc.a(lib_a-isattyr.o)
 .data          0x0000000008000fa8        0x0 c:/intelfpga/18.1/nios2eds/bin/gnu/h-x86_64-mingw32/bin/../lib/gcc/nios2-elf/5.3.0/../../../../../H-x86_64-mingw32/nios2-elf/lib\libc.a(lib_a-lseekr.o)
 .data          0x0000000008000fa8        0x0 c:/intelfpga/18.1/nios2eds/bin/gnu/h-x86_64-mingw32/bin/../lib/gcc/nios2-elf/5.3.0/../../../../../H-x86_64-mingw32/nios2-elf/lib\libc.a(lib_a-readr.o)
 .data          0x0000000008000fa8        0x0 c:/intelfpga/18.1/nios2eds/bin/gnu/h-x86_64-mingw32/bin/../lib/gcc/nios2-elf/5.3.0/../../../../../H-x86_64-mingw32/nios2-elf/lib\libc.a(lib_a-wbuf.o)
 .data          0x0000000008000fa8        0x0 c:/intelfpga/18.1/nios2eds/bin/gnu/h-x86_64-mingw32/bin/../lib/gcc/nios2-elf/5.3.0/../../../../../H-x86_64-mingw32/nios2-elf/lib\libc.a(lib_a-wcrtomb.o)
 .data          0x0000000008000fa8        0x0 c:/intelfpga/18.1/nios2eds/bin/gnu/h-x86_64-mingw32/bin/../lib/gcc/nios2-elf/5.3.0/../../../../../H-x86_64-mingw32/nios2-elf/lib\libc.a(lib_a-wctomb_r.o)
 .data          0x0000000008000fa8        0x0 c:/intelfpga/18.1/nios2eds/bin/gnu/h-x86_64-mingw32/bin/../lib/gcc/nios2-elf/5.3.0\libgcc.a(_udivdi3.o)
 .data          0x0000000008000fa8        0x0 c:/intelfpga/18.1/nios2eds/bin/gnu/h-x86_64-mingw32/bin/../lib/gcc/nios2-elf/5.3.0\libgcc.a(_umoddi3.o)
 .data          0x0000000008000fa8        0x0 c:/intelfpga/18.1/nios2eds/bin/gnu/h-x86_64-mingw32/bin/../lib/gcc/nios2-elf/5.3.0\libgcc.a(lib2-divmod.o)
 .data          0x0000000008000fa8        0x0 c:/intelfpga/18.1/nios2eds/bin/gnu/h-x86_64-mingw32/bin/../lib/gcc/nios2-elf/5.3.0\libgcc.a(adddf3.o)
 .data          0x0000000008000fa8        0x0 c:/intelfpga/18.1/nios2eds/bin/gnu/h-x86_64-mingw32/bin/../lib/gcc/nios2-elf/5.3.0\libgcc.a(divdf3.o)
 .data          0x0000000008000fa8        0x0 c:/intelfpga/18.1/nios2eds/bin/gnu/h-x86_64-mingw32/bin/../lib/gcc/nios2-elf/5.3.0\libgcc.a(eqdf2.o)
 .data          0x0000000008000fa8        0x0 c:/intelfpga/18.1/nios2eds/bin/gnu/h-x86_64-mingw32/bin/../lib/gcc/nios2-elf/5.3.0\libgcc.a(gedf2.o)
 .data          0x0000000008000fa8        0x0 c:/intelfpga/18.1/nios2eds/bin/gnu/h-x86_64-mingw32/bin/../lib/gcc/nios2-elf/5.3.0\libgcc.a(ledf2.o)
 .data          0x0000000008000fa8        0x0 c:/intelfpga/18.1/nios2eds/bin/gnu/h-x86_64-mingw32/bin/../lib/gcc/nios2-elf/5.3.0\libgcc.a(muldf3.o)
 .data          0x0000000008000fa8        0x0 c:/intelfpga/18.1/nios2eds/bin/gnu/h-x86_64-mingw32/bin/../lib/gcc/nios2-elf/5.3.0\libgcc.a(subdf3.o)
 .data          0x0000000008000fa8        0x0 c:/intelfpga/18.1/nios2eds/bin/gnu/h-x86_64-mingw32/bin/../lib/gcc/nios2-elf/5.3.0\libgcc.a(fixdfsi.o)
 .data          0x0000000008000fa8        0x0 c:/intelfpga/18.1/nios2eds/bin/gnu/h-x86_64-mingw32/bin/../lib/gcc/nios2-elf/5.3.0\libgcc.a(floatsidf.o)
 .data          0x0000000008000fa8        0x0 c:/intelfpga/18.1/nios2eds/bin/gnu/h-x86_64-mingw32/bin/../lib/gcc/nios2-elf/5.3.0\libgcc.a(floatunsidf.o)
 .data          0x0000000008000fa8        0x0 c:/intelfpga/18.1/nios2eds/bin/gnu/h-x86_64-mingw32/bin/../lib/gcc/nios2-elf/5.3.0\libgcc.a(_clz.o)
 .data          0x0000000008000fa8        0x0 c:/intelfpga/18.1/nios2eds/bin/gnu/h-x86_64-mingw32/bin/../lib/gcc/nios2-elf/5.3.0\libgcc.a(_clzsi2.o)
 .data          0x0000000008000fa8        0x0 ../Ass1_bsp/\libhal_bsp.a(alt_close.o)
 .data          0x0000000008000fa8      0x1a8 ../Ass1_bsp/\libhal_bsp.a(alt_dev.o)
                0x0000000008000fa8                alt_dev_null
                0x0000000008000fd0                alt_fd_list
 .data          0x0000000008001150        0x0 ../Ass1_bsp/\libhal_bsp.a(alt_errno.o)
 .data          0x0000000008001150        0x0 ../Ass1_bsp/\libhal_bsp.a(alt_fstat.o)
 .data          0x0000000008001150        0x0 ../Ass1_bsp/\libhal_bsp.a(alt_irq_handler.o)
 .data          0x0000000008001150        0x0 ../Ass1_bsp/\libhal_bsp.a(alt_irq_vars.o)
 .data          0x0000000008001150        0x0 ../Ass1_bsp/\libhal_bsp.a(alt_isatty.o)
 .data          0x0000000008001150        0x0 ../Ass1_bsp/\libhal_bsp.a(alt_lseek.o)
 .data          0x0000000008001150        0x0 ../Ass1_bsp/\libhal_bsp.a(alt_main.o)
 .data          0x0000000008001150        0x0 ../Ass1_bsp/\libhal_bsp.a(alt_malloc_lock.o)
 .data          0x0000000008001150        0x0 ../Ass1_bsp/\libhal_bsp.a(alt_read.o)
 .data          0x0000000008001150        0x0 ../Ass1_bsp/\libhal_bsp.a(alt_release_fd.o)
 .data          0x0000000008001150        0x0 ../Ass1_bsp/\libhal_bsp.a(alt_sbrk.o)
 .data          0x0000000008001150        0x0 ../Ass1_bsp/\libhal_bsp.a(alt_write.o)
 .data          0x0000000008001150     0x13f4 ../Ass1_bsp/\libhal_bsp.a(alt_sys_init.o)
 .data          0x0000000008002544        0x0 ../Ass1_bsp/\libhal_bsp.a(altera_avalon_cfi_flash.o)
 .data          0x0000000008002544        0x0 ../Ass1_bsp/\libhal_bsp.a(altera_avalon_cfi_flash_table.o)
 .data          0x0000000008002544        0x0 ../Ass1_bsp/\libhal_bsp.a(altera_avalon_jtag_uart_fd.o)
 .data          0x0000000008002544        0x0 ../Ass1_bsp/\libhal_bsp.a(altera_avalon_jtag_uart_init.o)
 .data          0x0000000008002544        0x0 ../Ass1_bsp/\libhal_bsp.a(altera_avalon_jtag_uart_ioctl.o)
 .data          0x0000000008002544        0x0 ../Ass1_bsp/\libhal_bsp.a(altera_avalon_jtag_uart_read.o)
 .data          0x0000000008002544        0x0 ../Ass1_bsp/\libhal_bsp.a(altera_avalon_jtag_uart_write.o)
 .data          0x0000000008002544        0x0 ../Ass1_bsp/\libhal_bsp.a(altera_avalon_lcd_16207.o)
 .data          0x0000000008002544        0x0 ../Ass1_bsp/\libhal_bsp.a(altera_avalon_lcd_16207_fd.o)
 .data          0x0000000008002544        0x0 ../Ass1_bsp/\libhal_bsp.a(altera_avalon_timer_sc.o)
 .data          0x0000000008002544        0x0 ../Ass1_bsp/\libhal_bsp.a(altera_avalon_uart_fd.o)
 .data          0x0000000008002544        0x0 ../Ass1_bsp/\libhal_bsp.a(altera_avalon_uart_init.o)
 .data          0x0000000008002544        0x0 ../Ass1_bsp/\libhal_bsp.a(altera_avalon_uart_read.o)
 .data          0x0000000008002544        0x0 ../Ass1_bsp/\libhal_bsp.a(altera_avalon_uart_write.o)
 .data          0x0000000008002544        0x0 ../Ass1_bsp/\libhal_bsp.a(altera_up_avalon_ps2.o)
 .data          0x0000000008002544        0x0 ../Ass1_bsp/\libhal_bsp.a(altera_up_avalon_video_character_buffer_with_dma.o)
 .data          0x0000000008002544        0x0 ../Ass1_bsp/\libhal_bsp.a(alt_alarm_start.o)
 .data          0x0000000008002544        0x0 ../Ass1_bsp/\libhal_bsp.a(alt_dcache_flush.o)
 .data          0x0000000008002544        0x0 ../Ass1_bsp/\libhal_bsp.a(alt_dev_llist_insert.o)
 .data          0x0000000008002544        0x0 ../Ass1_bsp/\libhal_bsp.a(alt_do_ctors.o)
 .data          0x0000000008002544        0x0 ../Ass1_bsp/\libhal_bsp.a(alt_do_dtors.o)
 .data          0x0000000008002544        0x0 ../Ass1_bsp/\libhal_bsp.a(alt_find_dev.o)
 .data          0x0000000008002544        0x0 ../Ass1_bsp/\libhal_bsp.a(alt_flash_dev.o)
 .data          0x0000000008002544        0x0 ../Ass1_bsp/\libhal_bsp.a(alt_io_redirect.o)
 .data          0x0000000008002544        0x0 ../Ass1_bsp/\libhal_bsp.a(alt_open.o)
 .data          0x0000000008002544        0x0 ../Ass1_bsp/\libhal_bsp.a(alt_tick.o)
 .data          0x0000000008002544        0x0 ../Ass1_bsp/\libhal_bsp.a(alt_usleep.o)
 .data          0x0000000008002544        0x0 ../Ass1_bsp/\libhal_bsp.a(altera_nios2_qsys_irq.o)
 .data          0x0000000008002544        0x0 ../Ass1_bsp/\libhal_bsp.a(altera_avalon_cfi_flash_amd.o)
 .data          0x0000000008002544        0x0 ../Ass1_bsp/\libhal_bsp.a(altera_avalon_cfi_flash_intel.o)
 .data          0x0000000008002544        0x0 ../Ass1_bsp/\libhal_bsp.a(alt_busy_sleep.o)
 .data          0x0000000008002544        0x0 ../Ass1_bsp/\libhal_bsp.a(alt_find_file.o)
 .data          0x0000000008002544        0x0 ../Ass1_bsp/\libhal_bsp.a(alt_get_fd.o)
 .data          0x0000000008002544        0x0 c:/intelfpga/18.1/nios2eds/bin/gnu/h-x86_64-mingw32/bin/../lib/gcc/nios2-elf/5.3.0/../../../../../H-x86_64-mingw32/nios2-elf/lib\libc.a(lib_a-atexit.o)
 .data          0x0000000008002544        0x0 c:/intelfpga/18.1/nios2eds/bin/gnu/h-x86_64-mingw32/bin/../lib/gcc/nios2-elf/5.3.0/../../../../../H-x86_64-mingw32/nios2-elf/lib\libc.a(lib_a-ctype_.o)
 .data          0x0000000008002544        0x0 c:/intelfpga/18.1/nios2eds/bin/gnu/h-x86_64-mingw32/bin/../lib/gcc/nios2-elf/5.3.0/../../../../../H-x86_64-mingw32/nios2-elf/lib\libc.a(lib_a-exit.o)
 .data          0x0000000008002544        0x0 c:/intelfpga/18.1/nios2eds/bin/gnu/h-x86_64-mingw32/bin/../lib/gcc/nios2-elf/5.3.0/../../../../../H-x86_64-mingw32/nios2-elf/lib\libc.a(lib_a-__atexit.o)
 .data          0x0000000008002544        0x0 c:/intelfpga/18.1/nios2eds/bin/gnu/h-x86_64-mingw32/bin/../lib/gcc/nios2-elf/5.3.0/../../../../../H-x86_64-mingw32/nios2-elf/lib\libc.a(lib_a-__call_atexit.o)
 .data          0x0000000008002544        0x0 ../Ass1_bsp/\libhal_bsp.a(alt_exit.o)
                0x000000000800a544                _gp = ABSOLUTE ((. + 0x8000))
                [!provide]                        PROVIDE (gp, _gp)
 *(.rwdata .rwdata.*)
 *(.sdata .sdata.* .gnu.linkonce.s.*)
 .sdata         0x0000000008002544        0xc obj/default/FreeRTOS/heap.o
 .sdata         0x0000000008002550        0x4 obj/default/FreeRTOS/tasks.o
 .sdata._global_impure_ptr
                0x0000000008002554        0x4 c:/intelfpga/18.1/nios2eds/bin/gnu/h-x86_64-mingw32/bin/../lib/gcc/nios2-elf/5.3.0/../../../../../H-x86_64-mingw32/nios2-elf/lib\libc.a(lib_a-impure.o)
                0x0000000008002554                _global_impure_ptr
 .sdata._impure_ptr
                0x0000000008002558        0x4 c:/intelfpga/18.1/nios2eds/bin/gnu/h-x86_64-mingw32/bin/../lib/gcc/nios2-elf/5.3.0/../../../../../H-x86_64-mingw32/nios2-elf/lib\libc.a(lib_a-impure.o)
                0x0000000008002558                _impure_ptr
 .sdata.__mb_cur_max
                0x000000000800255c        0x4 c:/intelfpga/18.1/nios2eds/bin/gnu/h-x86_64-mingw32/bin/../lib/gcc/nios2-elf/5.3.0/../../../../../H-x86_64-mingw32/nios2-elf/lib\libc.a(lib_a-locale.o)
                0x000000000800255c                __mb_cur_max
 .sdata.__malloc_sbrk_base
                0x0000000008002560        0x4 c:/intelfpga/18.1/nios2eds/bin/gnu/h-x86_64-mingw32/bin/../lib/gcc/nios2-elf/5.3.0/../../../../../H-x86_64-mingw32/nios2-elf/lib\libc.a(lib_a-mallocr.o)
                0x0000000008002560                __malloc_sbrk_base
 .sdata.__malloc_trim_threshold
                0x0000000008002564        0x4 c:/intelfpga/18.1/nios2eds/bin/gnu/h-x86_64-mingw32/bin/../lib/gcc/nios2-elf/5.3.0/../../../../../H-x86_64-mingw32/nios2-elf/lib\libc.a(lib_a-mallocr.o)
                0x0000000008002564                __malloc_trim_threshold
 .sdata.__wctomb
                0x0000000008002568        0x4 c:/intelfpga/18.1/nios2eds/bin/gnu/h-x86_64-mingw32/bin/../lib/gcc/nios2-elf/5.3.0/../../../../../H-x86_64-mingw32/nios2-elf/lib\libc.a(lib_a-wctomb_r.o)
                0x0000000008002568                __wctomb
 .sdata         0x000000000800256c       0x14 ../Ass1_bsp/\libhal_bsp.a(alt_dev.o)
                0x000000000800256c                alt_fs_list
                0x0000000008002574                alt_dev_list
                0x000000000800257c                alt_max_fd
 .sdata         0x0000000008002580        0x4 ../Ass1_bsp/\libhal_bsp.a(alt_errno.o)
                0x0000000008002580                alt_errno
 .sdata         0x0000000008002584        0x4 ../Ass1_bsp/\libhal_bsp.a(alt_irq_vars.o)
                0x0000000008002584                alt_priority_mask
 .sdata         0x0000000008002588        0x4 ../Ass1_bsp/\libhal_bsp.a(alt_sbrk.o)
 .sdata         0x000000000800258c        0x4 ../Ass1_bsp/\libhal_bsp.a(altera_avalon_lcd_16207.o)
 .sdata         0x0000000008002590        0x8 ../Ass1_bsp/\libhal_bsp.a(alt_flash_dev.o)
                0x0000000008002590                alt_flash_dev_list
 .sdata         0x0000000008002598        0x8 ../Ass1_bsp/\libhal_bsp.a(alt_tick.o)
                0x0000000008002598                alt_alarm_list
 .sdata.__ctype_ptr__
                0x00000000080025a0        0x4 c:/intelfpga/18.1/nios2eds/bin/gnu/h-x86_64-mingw32/bin/../lib/gcc/nios2-elf/5.3.0/../../../../../H-x86_64-mingw32/nios2-elf/lib\libc.a(lib_a-ctype_.o)
                0x00000000080025a0                __ctype_ptr__
 *(.sdata2 .sdata2.* .gnu.linkonce.s2.*)
                0x00000000080025a4                . = ALIGN (0x4)
                0x00000000080025a4                _edata = ABSOLUTE (.)
                [!provide]                        PROVIDE (edata, ABSOLUTE (.))
                [!provide]                        PROVIDE (__ram_rwdata_end, ABSOLUTE (.))
                [!provide]                        PROVIDE (__flash_rwdata_start, LOADADDR (.rwdata))

.bss            0x00000000080025a4    0x7d3dc
                0x00000000080025a4                __bss_start = ABSOLUTE (.)
                [!provide]                        PROVIDE (__sbss_start, ABSOLUTE (.))
                [!provide]                        PROVIDE (___sbss_start, ABSOLUTE (.))
 *(.dynsbss)
 *(.sbss .sbss.* .gnu.linkonce.sb.*)
 .sbss          0x00000000080025a4       0x1c obj/default/FreeRTOS/croutine.o
                0x00000000080025ac                pxCurrentCoRoutine
 .sbss          0x00000000080025c0        0xc obj/default/FreeRTOS/heap.o
 .sbss          0x00000000080025cc       0x34 obj/default/FreeRTOS/tasks.o
                0x00000000080025cc                pxCurrentTCB
 .sbss          0x0000000008002600       0x10 obj/default/FreeRTOS/timers.o
 .sbss          0x0000000008002610       0x34 obj/default/hello_world.o
                0x0000000008002610                Maintenance
                0x0000000008002614                Current_Switch_State
                0x0000000008002618                Current_ROC_Freq
                0x000000000800261c                Init_Load
                0x0000000008002620                semaphore
                0x0000000008002624                Ld_Manage_State
                0x0000000008002628                Thresh_Val
                0x000000000800262c                Prev_Stable
                0x0000000008002630                Current_Stable
                0x0000000008002634                byte